Archive member included to satisfy reference by file (symbol)

c:/users/adrie/programes/7.0/toolchain/avr8/avr8-gnu-toolchain/bin/../lib/gcc/avr/5.4.0/../../../../avr/lib/avr5\libm.a(cmpsf2.o)
                              drivers/src/calc_moviment.o (__nesf2)
c:/users/adrie/programes/7.0/toolchain/avr8/avr8-gnu-toolchain/bin/../lib/gcc/avr/5.4.0/../../../../avr/lib/avr5\libm.a(divsf3.o)
                              drivers/src/calc_moviment.o (__divsf3)
c:/users/adrie/programes/7.0/toolchain/avr8/avr8-gnu-toolchain/bin/../lib/gcc/avr/5.4.0/../../../../avr/lib/avr5\libm.a(divsf3x.o)
                              c:/users/adrie/programes/7.0/toolchain/avr8/avr8-gnu-toolchain/bin/../lib/gcc/avr/5.4.0/../../../../avr/lib/avr5\libm.a(divsf3.o) (__divsf3x)
c:/users/adrie/programes/7.0/toolchain/avr8/avr8-gnu-toolchain/bin/../lib/gcc/avr/5.4.0/../../../../avr/lib/avr5\libm.a(fixsfsi.o)
                              drivers/src/calc_moviment.o (__fixsfsi)
c:/users/adrie/programes/7.0/toolchain/avr8/avr8-gnu-toolchain/bin/../lib/gcc/avr/5.4.0/../../../../avr/lib/avr5\libm.a(fixunssfsi.o)
                              main.o (__fixunssfsi)
c:/users/adrie/programes/7.0/toolchain/avr8/avr8-gnu-toolchain/bin/../lib/gcc/avr/5.4.0/../../../../avr/lib/avr5\libm.a(fp_cmp.o)
                              c:/users/adrie/programes/7.0/toolchain/avr8/avr8-gnu-toolchain/bin/../lib/gcc/avr/5.4.0/../../../../avr/lib/avr5\libm.a(cmpsf2.o) (__fp_cmp)
c:/users/adrie/programes/7.0/toolchain/avr8/avr8-gnu-toolchain/bin/../lib/gcc/avr/5.4.0/../../../../avr/lib/avr5\libm.a(fp_inf.o)
                              c:/users/adrie/programes/7.0/toolchain/avr8/avr8-gnu-toolchain/bin/../lib/gcc/avr/5.4.0/../../../../avr/lib/avr5\libm.a(divsf3x.o) (__fp_inf)
c:/users/adrie/programes/7.0/toolchain/avr8/avr8-gnu-toolchain/bin/../lib/gcc/avr/5.4.0/../../../../avr/lib/avr5\libm.a(fp_nan.o)
                              c:/users/adrie/programes/7.0/toolchain/avr8/avr8-gnu-toolchain/bin/../lib/gcc/avr/5.4.0/../../../../avr/lib/avr5\libm.a(divsf3x.o) (__fp_nan)
c:/users/adrie/programes/7.0/toolchain/avr8/avr8-gnu-toolchain/bin/../lib/gcc/avr/5.4.0/../../../../avr/lib/avr5\libm.a(fp_pscA.o)
                              c:/users/adrie/programes/7.0/toolchain/avr8/avr8-gnu-toolchain/bin/../lib/gcc/avr/5.4.0/../../../../avr/lib/avr5\libm.a(divsf3x.o) (__fp_pscA)
c:/users/adrie/programes/7.0/toolchain/avr8/avr8-gnu-toolchain/bin/../lib/gcc/avr/5.4.0/../../../../avr/lib/avr5\libm.a(fp_pscB.o)
                              c:/users/adrie/programes/7.0/toolchain/avr8/avr8-gnu-toolchain/bin/../lib/gcc/avr/5.4.0/../../../../avr/lib/avr5\libm.a(divsf3x.o) (__fp_pscB)
c:/users/adrie/programes/7.0/toolchain/avr8/avr8-gnu-toolchain/bin/../lib/gcc/avr/5.4.0/../../../../avr/lib/avr5\libm.a(fp_round.o)
                              c:/users/adrie/programes/7.0/toolchain/avr8/avr8-gnu-toolchain/bin/../lib/gcc/avr/5.4.0/../../../../avr/lib/avr5\libm.a(divsf3.o) (__fp_round)
c:/users/adrie/programes/7.0/toolchain/avr8/avr8-gnu-toolchain/bin/../lib/gcc/avr/5.4.0/../../../../avr/lib/avr5\libm.a(fp_split3.o)
                              c:/users/adrie/programes/7.0/toolchain/avr8/avr8-gnu-toolchain/bin/../lib/gcc/avr/5.4.0/../../../../avr/lib/avr5\libm.a(divsf3x.o) (__fp_split3)
c:/users/adrie/programes/7.0/toolchain/avr8/avr8-gnu-toolchain/bin/../lib/gcc/avr/5.4.0/../../../../avr/lib/avr5\libm.a(fp_zero.o)
                              c:/users/adrie/programes/7.0/toolchain/avr8/avr8-gnu-toolchain/bin/../lib/gcc/avr/5.4.0/../../../../avr/lib/avr5\libm.a(fixunssfsi.o) (__fp_zero)
c:/users/adrie/programes/7.0/toolchain/avr8/avr8-gnu-toolchain/bin/../lib/gcc/avr/5.4.0/../../../../avr/lib/avr5\libm.a(gesf2.o)
                              main.o (__gtsf2)
c:/users/adrie/programes/7.0/toolchain/avr8/avr8-gnu-toolchain/bin/../lib/gcc/avr/5.4.0/../../../../avr/lib/avr5\libm.a(mulsf3.o)
                              drivers/src/calc_moviment.o (__mulsf3)
c:/users/adrie/programes/7.0/toolchain/avr8/avr8-gnu-toolchain/bin/../lib/gcc/avr/5.4.0/../../../../avr/lib/avr5\libm.a(mulsf3x.o)
                              c:/users/adrie/programes/7.0/toolchain/avr8/avr8-gnu-toolchain/bin/../lib/gcc/avr/5.4.0/../../../../avr/lib/avr5\libm.a(mulsf3.o) (__mulsf3x)
c:/users/adrie/programes/7.0/toolchain/avr8/avr8-gnu-toolchain/bin/../lib/gcc/avr/5.4.0/avr5\libgcc.a(_exit.o)
                              C:/Users/adrie/Programes/7.0/Packs/atmel/ATmega_DFP/1.7.374/gcc/dev/atmega328pb/avr5/crtatmega328pb.o (exit)
c:/users/adrie/programes/7.0/toolchain/avr8/avr8-gnu-toolchain/bin/../lib/gcc/avr/5.4.0/avr5\libgcc.a(_copy_data.o)
                              drivers/src/d1.o (__do_copy_data)
c:/users/adrie/programes/7.0/toolchain/avr8/avr8-gnu-toolchain/bin/../lib/gcc/avr/5.4.0/avr5\libgcc.a(_clear_bss.o)
                              drivers/src/d1.o (__do_clear_bss)

Allocating common symbols
Common symbol       size              file

max_moves           0x1               main.o

Discarded input sections

 .data          0x00000000        0x0 C:/Users/adrie/Programes/7.0/Packs/atmel/ATmega_DFP/1.7.374/gcc/dev/atmega328pb/avr5/crtatmega328pb.o
 .bss           0x00000000        0x0 C:/Users/adrie/Programes/7.0/Packs/atmel/ATmega_DFP/1.7.374/gcc/dev/atmega328pb/avr5/crtatmega328pb.o
 .text          0x00000000        0x0 drivers/src/d1.o
 .data          0x00000000        0x0 drivers/src/d1.o
 .bss           0x00000000        0x0 drivers/src/d1.o
 .bss.mov_index_d1
                0x00000000        0x1 drivers/src/d1.o
 .text          0x00000000        0x0 drivers/src/hardware_config.o
 .data          0x00000000        0x0 drivers/src/hardware_config.o
 .bss           0x00000000        0x0 drivers/src/hardware_config.o
 .text          0x00000000        0x0 drivers/src/calc_moviment.o
 .data          0x00000000        0x0 drivers/src/calc_moviment.o
 .bss           0x00000000        0x0 drivers/src/calc_moviment.o
 .text          0x00000000        0x0 drivers/src/moviment.o
 .data          0x00000000        0x0 drivers/src/moviment.o
 .bss           0x00000000        0x0 drivers/src/moviment.o
 .text          0x00000000        0x0 drivers/src/punts.o
 .data          0x00000000        0x0 drivers/src/punts.o
 .bss           0x00000000        0x0 drivers/src/punts.o
 .text          0x00000000        0x0 drivers/src/q2.o
 .data          0x00000000        0x0 drivers/src/q2.o
 .bss           0x00000000        0x0 drivers/src/q2.o
 .text          0x00000000        0x0 drivers/src/q3.o
 .data          0x00000000        0x0 drivers/src/q3.o
 .bss           0x00000000        0x0 drivers/src/q3.o
 .text          0x00000000        0x0 main.o
 .data          0x00000000        0x0 main.o
 .bss           0x00000000        0x0 main.o
 .text          0x00000000        0x0 c:/users/adrie/programes/7.0/toolchain/avr8/avr8-gnu-toolchain/bin/../lib/gcc/avr/5.4.0/../../../../avr/lib/avr5\libm.a(cmpsf2.o)
 .data          0x00000000        0x0 c:/users/adrie/programes/7.0/toolchain/avr8/avr8-gnu-toolchain/bin/../lib/gcc/avr/5.4.0/../../../../avr/lib/avr5\libm.a(cmpsf2.o)
 .bss           0x00000000        0x0 c:/users/adrie/programes/7.0/toolchain/avr8/avr8-gnu-toolchain/bin/../lib/gcc/avr/5.4.0/../../../../avr/lib/avr5\libm.a(cmpsf2.o)
 .text          0x00000000        0x0 c:/users/adrie/programes/7.0/toolchain/avr8/avr8-gnu-toolchain/bin/../lib/gcc/avr/5.4.0/../../../../avr/lib/avr5\libm.a(divsf3.o)
 .data          0x00000000        0x0 c:/users/adrie/programes/7.0/toolchain/avr8/avr8-gnu-toolchain/bin/../lib/gcc/avr/5.4.0/../../../../avr/lib/avr5\libm.a(divsf3.o)
 .bss           0x00000000        0x0 c:/users/adrie/programes/7.0/toolchain/avr8/avr8-gnu-toolchain/bin/../lib/gcc/avr/5.4.0/../../../../avr/lib/avr5\libm.a(divsf3.o)
 .text          0x00000000        0x0 c:/users/adrie/programes/7.0/toolchain/avr8/avr8-gnu-toolchain/bin/../lib/gcc/avr/5.4.0/../../../../avr/lib/avr5\libm.a(divsf3x.o)
 .data          0x00000000        0x0 c:/users/adrie/programes/7.0/toolchain/avr8/avr8-gnu-toolchain/bin/../lib/gcc/avr/5.4.0/../../../../avr/lib/avr5\libm.a(divsf3x.o)
 .bss           0x00000000        0x0 c:/users/adrie/programes/7.0/toolchain/avr8/avr8-gnu-toolchain/bin/../lib/gcc/avr/5.4.0/../../../../avr/lib/avr5\libm.a(divsf3x.o)
 .text          0x00000000        0x0 c:/users/adrie/programes/7.0/toolchain/avr8/avr8-gnu-toolchain/bin/../lib/gcc/avr/5.4.0/../../../../avr/lib/avr5\libm.a(fixsfsi.o)
 .data          0x00000000        0x0 c:/users/adrie/programes/7.0/toolchain/avr8/avr8-gnu-toolchain/bin/../lib/gcc/avr/5.4.0/../../../../avr/lib/avr5\libm.a(fixsfsi.o)
 .bss           0x00000000        0x0 c:/users/adrie/programes/7.0/toolchain/avr8/avr8-gnu-toolchain/bin/../lib/gcc/avr/5.4.0/../../../../avr/lib/avr5\libm.a(fixsfsi.o)
 .text          0x00000000        0x0 c:/users/adrie/programes/7.0/toolchain/avr8/avr8-gnu-toolchain/bin/../lib/gcc/avr/5.4.0/../../../../avr/lib/avr5\libm.a(fixunssfsi.o)
 .data          0x00000000        0x0 c:/users/adrie/programes/7.0/toolchain/avr8/avr8-gnu-toolchain/bin/../lib/gcc/avr/5.4.0/../../../../avr/lib/avr5\libm.a(fixunssfsi.o)
 .bss           0x00000000        0x0 c:/users/adrie/programes/7.0/toolchain/avr8/avr8-gnu-toolchain/bin/../lib/gcc/avr/5.4.0/../../../../avr/lib/avr5\libm.a(fixunssfsi.o)
 .text          0x00000000        0x0 c:/users/adrie/programes/7.0/toolchain/avr8/avr8-gnu-toolchain/bin/../lib/gcc/avr/5.4.0/../../../../avr/lib/avr5\libm.a(fp_cmp.o)
 .data          0x00000000        0x0 c:/users/adrie/programes/7.0/toolchain/avr8/avr8-gnu-toolchain/bin/../lib/gcc/avr/5.4.0/../../../../avr/lib/avr5\libm.a(fp_cmp.o)
 .bss           0x00000000        0x0 c:/users/adrie/programes/7.0/toolchain/avr8/avr8-gnu-toolchain/bin/../lib/gcc/avr/5.4.0/../../../../avr/lib/avr5\libm.a(fp_cmp.o)
 .text          0x00000000        0x0 c:/users/adrie/programes/7.0/toolchain/avr8/avr8-gnu-toolchain/bin/../lib/gcc/avr/5.4.0/../../../../avr/lib/avr5\libm.a(fp_inf.o)
 .data          0x00000000        0x0 c:/users/adrie/programes/7.0/toolchain/avr8/avr8-gnu-toolchain/bin/../lib/gcc/avr/5.4.0/../../../../avr/lib/avr5\libm.a(fp_inf.o)
 .bss           0x00000000        0x0 c:/users/adrie/programes/7.0/toolchain/avr8/avr8-gnu-toolchain/bin/../lib/gcc/avr/5.4.0/../../../../avr/lib/avr5\libm.a(fp_inf.o)
 .text          0x00000000        0x0 c:/users/adrie/programes/7.0/toolchain/avr8/avr8-gnu-toolchain/bin/../lib/gcc/avr/5.4.0/../../../../avr/lib/avr5\libm.a(fp_nan.o)
 .data          0x00000000        0x0 c:/users/adrie/programes/7.0/toolchain/avr8/avr8-gnu-toolchain/bin/../lib/gcc/avr/5.4.0/../../../../avr/lib/avr5\libm.a(fp_nan.o)
 .bss           0x00000000        0x0 c:/users/adrie/programes/7.0/toolchain/avr8/avr8-gnu-toolchain/bin/../lib/gcc/avr/5.4.0/../../../../avr/lib/avr5\libm.a(fp_nan.o)
 .text          0x00000000        0x0 c:/users/adrie/programes/7.0/toolchain/avr8/avr8-gnu-toolchain/bin/../lib/gcc/avr/5.4.0/../../../../avr/lib/avr5\libm.a(fp_pscA.o)
 .data          0x00000000        0x0 c:/users/adrie/programes/7.0/toolchain/avr8/avr8-gnu-toolchain/bin/../lib/gcc/avr/5.4.0/../../../../avr/lib/avr5\libm.a(fp_pscA.o)
 .bss           0x00000000        0x0 c:/users/adrie/programes/7.0/toolchain/avr8/avr8-gnu-toolchain/bin/../lib/gcc/avr/5.4.0/../../../../avr/lib/avr5\libm.a(fp_pscA.o)
 .text          0x00000000        0x0 c:/users/adrie/programes/7.0/toolchain/avr8/avr8-gnu-toolchain/bin/../lib/gcc/avr/5.4.0/../../../../avr/lib/avr5\libm.a(fp_pscB.o)
 .data          0x00000000        0x0 c:/users/adrie/programes/7.0/toolchain/avr8/avr8-gnu-toolchain/bin/../lib/gcc/avr/5.4.0/../../../../avr/lib/avr5\libm.a(fp_pscB.o)
 .bss           0x00000000        0x0 c:/users/adrie/programes/7.0/toolchain/avr8/avr8-gnu-toolchain/bin/../lib/gcc/avr/5.4.0/../../../../avr/lib/avr5\libm.a(fp_pscB.o)
 .text          0x00000000        0x0 c:/users/adrie/programes/7.0/toolchain/avr8/avr8-gnu-toolchain/bin/../lib/gcc/avr/5.4.0/../../../../avr/lib/avr5\libm.a(fp_round.o)
 .data          0x00000000        0x0 c:/users/adrie/programes/7.0/toolchain/avr8/avr8-gnu-toolchain/bin/../lib/gcc/avr/5.4.0/../../../../avr/lib/avr5\libm.a(fp_round.o)
 .bss           0x00000000        0x0 c:/users/adrie/programes/7.0/toolchain/avr8/avr8-gnu-toolchain/bin/../lib/gcc/avr/5.4.0/../../../../avr/lib/avr5\libm.a(fp_round.o)
 .text          0x00000000        0x0 c:/users/adrie/programes/7.0/toolchain/avr8/avr8-gnu-toolchain/bin/../lib/gcc/avr/5.4.0/../../../../avr/lib/avr5\libm.a(fp_split3.o)
 .data          0x00000000        0x0 c:/users/adrie/programes/7.0/toolchain/avr8/avr8-gnu-toolchain/bin/../lib/gcc/avr/5.4.0/../../../../avr/lib/avr5\libm.a(fp_split3.o)
 .bss           0x00000000        0x0 c:/users/adrie/programes/7.0/toolchain/avr8/avr8-gnu-toolchain/bin/../lib/gcc/avr/5.4.0/../../../../avr/lib/avr5\libm.a(fp_split3.o)
 .text          0x00000000        0x0 c:/users/adrie/programes/7.0/toolchain/avr8/avr8-gnu-toolchain/bin/../lib/gcc/avr/5.4.0/../../../../avr/lib/avr5\libm.a(fp_zero.o)
 .data          0x00000000        0x0 c:/users/adrie/programes/7.0/toolchain/avr8/avr8-gnu-toolchain/bin/../lib/gcc/avr/5.4.0/../../../../avr/lib/avr5\libm.a(fp_zero.o)
 .bss           0x00000000        0x0 c:/users/adrie/programes/7.0/toolchain/avr8/avr8-gnu-toolchain/bin/../lib/gcc/avr/5.4.0/../../../../avr/lib/avr5\libm.a(fp_zero.o)
 .text          0x00000000        0x0 c:/users/adrie/programes/7.0/toolchain/avr8/avr8-gnu-toolchain/bin/../lib/gcc/avr/5.4.0/../../../../avr/lib/avr5\libm.a(gesf2.o)
 .data          0x00000000        0x0 c:/users/adrie/programes/7.0/toolchain/avr8/avr8-gnu-toolchain/bin/../lib/gcc/avr/5.4.0/../../../../avr/lib/avr5\libm.a(gesf2.o)
 .bss           0x00000000        0x0 c:/users/adrie/programes/7.0/toolchain/avr8/avr8-gnu-toolchain/bin/../lib/gcc/avr/5.4.0/../../../../avr/lib/avr5\libm.a(gesf2.o)
 .text          0x00000000        0x0 c:/users/adrie/programes/7.0/toolchain/avr8/avr8-gnu-toolchain/bin/../lib/gcc/avr/5.4.0/../../../../avr/lib/avr5\libm.a(mulsf3.o)
 .data          0x00000000        0x0 c:/users/adrie/programes/7.0/toolchain/avr8/avr8-gnu-toolchain/bin/../lib/gcc/avr/5.4.0/../../../../avr/lib/avr5\libm.a(mulsf3.o)
 .bss           0x00000000        0x0 c:/users/adrie/programes/7.0/toolchain/avr8/avr8-gnu-toolchain/bin/../lib/gcc/avr/5.4.0/../../../../avr/lib/avr5\libm.a(mulsf3.o)
 .text          0x00000000        0x0 c:/users/adrie/programes/7.0/toolchain/avr8/avr8-gnu-toolchain/bin/../lib/gcc/avr/5.4.0/../../../../avr/lib/avr5\libm.a(mulsf3x.o)
 .data          0x00000000        0x0 c:/users/adrie/programes/7.0/toolchain/avr8/avr8-gnu-toolchain/bin/../lib/gcc/avr/5.4.0/../../../../avr/lib/avr5\libm.a(mulsf3x.o)
 .bss           0x00000000        0x0 c:/users/adrie/programes/7.0/toolchain/avr8/avr8-gnu-toolchain/bin/../lib/gcc/avr/5.4.0/../../../../avr/lib/avr5\libm.a(mulsf3x.o)
 .text          0x00000000        0x0 c:/users/adrie/programes/7.0/toolchain/avr8/avr8-gnu-toolchain/bin/../lib/gcc/avr/5.4.0/avr5\libgcc.a(_exit.o)
 .data          0x00000000        0x0 c:/users/adrie/programes/7.0/toolchain/avr8/avr8-gnu-toolchain/bin/../lib/gcc/avr/5.4.0/avr5\libgcc.a(_exit.o)
 .bss           0x00000000        0x0 c:/users/adrie/programes/7.0/toolchain/avr8/avr8-gnu-toolchain/bin/../lib/gcc/avr/5.4.0/avr5\libgcc.a(_exit.o)
 .text.libgcc.mul
                0x00000000        0x0 c:/users/adrie/programes/7.0/toolchain/avr8/avr8-gnu-toolchain/bin/../lib/gcc/avr/5.4.0/avr5\libgcc.a(_exit.o)
 .text.libgcc.div
                0x00000000        0x0 c:/users/adrie/programes/7.0/toolchain/avr8/avr8-gnu-toolchain/bin/../lib/gcc/avr/5.4.0/avr5\libgcc.a(_exit.o)
 .text.libgcc   0x00000000        0x0 c:/users/adrie/programes/7.0/toolchain/avr8/avr8-gnu-toolchain/bin/../lib/gcc/avr/5.4.0/avr5\libgcc.a(_exit.o)
 .text.libgcc.prologue
                0x00000000        0x0 c:/users/adrie/programes/7.0/toolchain/avr8/avr8-gnu-toolchain/bin/../lib/gcc/avr/5.4.0/avr5\libgcc.a(_exit.o)
 .text.libgcc.builtins
                0x00000000        0x0 c:/users/adrie/programes/7.0/toolchain/avr8/avr8-gnu-toolchain/bin/../lib/gcc/avr/5.4.0/avr5\libgcc.a(_exit.o)
 .text.libgcc.fmul
                0x00000000        0x0 c:/users/adrie/programes/7.0/toolchain/avr8/avr8-gnu-toolchain/bin/../lib/gcc/avr/5.4.0/avr5\libgcc.a(_exit.o)
 .text.libgcc.fixed
                0x00000000        0x0 c:/users/adrie/programes/7.0/toolchain/avr8/avr8-gnu-toolchain/bin/../lib/gcc/avr/5.4.0/avr5\libgcc.a(_exit.o)
 .text          0x00000000        0x0 c:/users/adrie/programes/7.0/toolchain/avr8/avr8-gnu-toolchain/bin/../lib/gcc/avr/5.4.0/avr5\libgcc.a(_copy_data.o)
 .data          0x00000000        0x0 c:/users/adrie/programes/7.0/toolchain/avr8/avr8-gnu-toolchain/bin/../lib/gcc/avr/5.4.0/avr5\libgcc.a(_copy_data.o)
 .bss           0x00000000        0x0 c:/users/adrie/programes/7.0/toolchain/avr8/avr8-gnu-toolchain/bin/../lib/gcc/avr/5.4.0/avr5\libgcc.a(_copy_data.o)
 .text.libgcc.mul
                0x00000000        0x0 c:/users/adrie/programes/7.0/toolchain/avr8/avr8-gnu-toolchain/bin/../lib/gcc/avr/5.4.0/avr5\libgcc.a(_copy_data.o)
 .text.libgcc.div
                0x00000000        0x0 c:/users/adrie/programes/7.0/toolchain/avr8/avr8-gnu-toolchain/bin/../lib/gcc/avr/5.4.0/avr5\libgcc.a(_copy_data.o)
 .text.libgcc   0x00000000        0x0 c:/users/adrie/programes/7.0/toolchain/avr8/avr8-gnu-toolchain/bin/../lib/gcc/avr/5.4.0/avr5\libgcc.a(_copy_data.o)
 .text.libgcc.prologue
                0x00000000        0x0 c:/users/adrie/programes/7.0/toolchain/avr8/avr8-gnu-toolchain/bin/../lib/gcc/avr/5.4.0/avr5\libgcc.a(_copy_data.o)
 .text.libgcc.builtins
                0x00000000        0x0 c:/users/adrie/programes/7.0/toolchain/avr8/avr8-gnu-toolchain/bin/../lib/gcc/avr/5.4.0/avr5\libgcc.a(_copy_data.o)
 .text.libgcc.fmul
                0x00000000        0x0 c:/users/adrie/programes/7.0/toolchain/avr8/avr8-gnu-toolchain/bin/../lib/gcc/avr/5.4.0/avr5\libgcc.a(_copy_data.o)
 .text.libgcc.fixed
                0x00000000        0x0 c:/users/adrie/programes/7.0/toolchain/avr8/avr8-gnu-toolchain/bin/../lib/gcc/avr/5.4.0/avr5\libgcc.a(_copy_data.o)
 .text          0x00000000        0x0 c:/users/adrie/programes/7.0/toolchain/avr8/avr8-gnu-toolchain/bin/../lib/gcc/avr/5.4.0/avr5\libgcc.a(_clear_bss.o)
 .data          0x00000000        0x0 c:/users/adrie/programes/7.0/toolchain/avr8/avr8-gnu-toolchain/bin/../lib/gcc/avr/5.4.0/avr5\libgcc.a(_clear_bss.o)
 .bss           0x00000000        0x0 c:/users/adrie/programes/7.0/toolchain/avr8/avr8-gnu-toolchain/bin/../lib/gcc/avr/5.4.0/avr5\libgcc.a(_clear_bss.o)
 .text.libgcc.mul
                0x00000000        0x0 c:/users/adrie/programes/7.0/toolchain/avr8/avr8-gnu-toolchain/bin/../lib/gcc/avr/5.4.0/avr5\libgcc.a(_clear_bss.o)
 .text.libgcc.div
                0x00000000        0x0 c:/users/adrie/programes/7.0/toolchain/avr8/avr8-gnu-toolchain/bin/../lib/gcc/avr/5.4.0/avr5\libgcc.a(_clear_bss.o)
 .text.libgcc   0x00000000        0x0 c:/users/adrie/programes/7.0/toolchain/avr8/avr8-gnu-toolchain/bin/../lib/gcc/avr/5.4.0/avr5\libgcc.a(_clear_bss.o)
 .text.libgcc.prologue
                0x00000000        0x0 c:/users/adrie/programes/7.0/toolchain/avr8/avr8-gnu-toolchain/bin/../lib/gcc/avr/5.4.0/avr5\libgcc.a(_clear_bss.o)
 .text.libgcc.builtins
                0x00000000        0x0 c:/users/adrie/programes/7.0/toolchain/avr8/avr8-gnu-toolchain/bin/../lib/gcc/avr/5.4.0/avr5\libgcc.a(_clear_bss.o)
 .text.libgcc.fmul
                0x00000000        0x0 c:/users/adrie/programes/7.0/toolchain/avr8/avr8-gnu-toolchain/bin/../lib/gcc/avr/5.4.0/avr5\libgcc.a(_clear_bss.o)
 .text.libgcc.fixed
                0x00000000        0x0 c:/users/adrie/programes/7.0/toolchain/avr8/avr8-gnu-toolchain/bin/../lib/gcc/avr/5.4.0/avr5\libgcc.a(_clear_bss.o)

Memory Configuration

Name             Origin             Length             Attributes
text             0x00000000         0x00008000         xr
data             0x00800100         0x00000800         rw !x
eeprom           0x00810000         0x00000400         rw !x
fuse             0x00820000         0x00000003         rw !x
lock             0x00830000         0x00000400         rw !x
signature        0x00840000         0x00000400         rw !x
user_signatures  0x00850000         0x00000400         rw !x
*default*        0x00000000         0xffffffff

Linker script and memory map

Address of section .data set to 0x800100
LOAD C:/Users/adrie/Programes/7.0/Packs/atmel/ATmega_DFP/1.7.374/gcc/dev/atmega328pb/avr5/crtatmega328pb.o
LOAD drivers/src/d1.o
LOAD drivers/src/hardware_config.o
LOAD drivers/src/calc_moviment.o
LOAD drivers/src/moviment.o
LOAD drivers/src/punts.o
LOAD drivers/src/q2.o
LOAD drivers/src/q3.o
LOAD main.o
START GROUP
LOAD c:/users/adrie/programes/7.0/toolchain/avr8/avr8-gnu-toolchain/bin/../lib/gcc/avr/5.4.0/../../../../avr/lib/avr5\libm.a
END GROUP
START GROUP
LOAD c:/users/adrie/programes/7.0/toolchain/avr8/avr8-gnu-toolchain/bin/../lib/gcc/avr/5.4.0/avr5\libgcc.a
LOAD c:/users/adrie/programes/7.0/toolchain/avr8/avr8-gnu-toolchain/bin/../lib/gcc/avr/5.4.0/../../../../avr/lib/avr5\libm.a
LOAD c:/users/adrie/programes/7.0/toolchain/avr8/avr8-gnu-toolchain/bin/../lib/gcc/avr/5.4.0/../../../../avr/lib/avr5\libc.a
LOAD C:/Users/adrie/Programes/7.0/Packs/atmel/ATmega_DFP/1.7.374/gcc/dev/atmega328pb/avr5\libatmega328pb.a
END GROUP
                [0x00000000]                __TEXT_REGION_ORIGIN__ = DEFINED (__TEXT_REGION_ORIGIN__)?__TEXT_REGION_ORIGIN__:0x0
                [0x00800100]                __DATA_REGION_ORIGIN__ = DEFINED (__DATA_REGION_ORIGIN__)?__DATA_REGION_ORIGIN__:0x800060
                [0x00008000]                __TEXT_REGION_LENGTH__ = DEFINED (__TEXT_REGION_LENGTH__)?__TEXT_REGION_LENGTH__:0x20000
                [0x00000800]                __DATA_REGION_LENGTH__ = DEFINED (__DATA_REGION_LENGTH__)?__DATA_REGION_LENGTH__:0xffa0
                [0x00000400]                __EEPROM_REGION_LENGTH__ = DEFINED (__EEPROM_REGION_LENGTH__)?__EEPROM_REGION_LENGTH__:0x10000
                [0x00000003]                __FUSE_REGION_LENGTH__ = DEFINED (__FUSE_REGION_LENGTH__)?__FUSE_REGION_LENGTH__:0x400
                0x00000400                __LOCK_REGION_LENGTH__ = DEFINED (__LOCK_REGION_LENGTH__)?__LOCK_REGION_LENGTH__:0x400
                0x00000400                __SIGNATURE_REGION_LENGTH__ = DEFINED (__SIGNATURE_REGION_LENGTH__)?__SIGNATURE_REGION_LENGTH__:0x400
                0x00000400                __USER_SIGNATURE_REGION_LENGTH__ = DEFINED (__USER_SIGNATURE_REGION_LENGTH__)?__USER_SIGNATURE_REGION_LENGTH__:0x400

.hash
 *(.hash)

.dynsym
 *(.dynsym)

.dynstr
 *(.dynstr)

.gnu.version
 *(.gnu.version)

.gnu.version_d
 *(.gnu.version_d)

.gnu.version_r
 *(.gnu.version_r)

.rel.init
 *(.rel.init)

.rela.init
 *(.rela.init)

.rel.text
 *(.rel.text)
 *(.rel.text.*)
 *(.rel.gnu.linkonce.t*)

.rela.text
 *(.rela.text)
 *(.rela.text.*)
 *(.rela.gnu.linkonce.t*)

.rel.fini
 *(.rel.fini)

.rela.fini
 *(.rela.fini)

.rel.rodata
 *(.rel.rodata)
 *(.rel.rodata.*)
 *(.rel.gnu.linkonce.r*)

.rela.rodata
 *(.rela.rodata)
 *(.rela.rodata.*)
 *(.rela.gnu.linkonce.r*)

.rel.data
 *(.rel.data)
 *(.rel.data.*)
 *(.rel.gnu.linkonce.d*)

.rela.data
 *(.rela.data)
 *(.rela.data.*)
 *(.rela.gnu.linkonce.d*)

.rel.ctors
 *(.rel.ctors)

.rela.ctors
 *(.rela.ctors)

.rel.dtors
 *(.rel.dtors)

.rela.dtors
 *(.rela.dtors)

.rel.got
 *(.rel.got)

.rela.got
 *(.rela.got)

.rel.bss
 *(.rel.bss)

.rela.bss
 *(.rela.bss)

.rel.plt
 *(.rel.plt)

.rela.plt
 *(.rela.plt)

.text           0x00000000     0x1678
 *(.vectors)
 .vectors       0x00000000       0xb4 C:/Users/adrie/Programes/7.0/Packs/atmel/ATmega_DFP/1.7.374/gcc/dev/atmega328pb/avr5/crtatmega328pb.o
                0x00000000                __vector_default
                0x00000000                __vectors
 *(.vectors)
 *(.progmem.gcc*)
                0x000000b4                . = ALIGN (0x2)
                0x000000b4                __trampolines_start = .
 *(.trampolines)
 .trampolines   0x000000b4        0x0 linker stubs
 *(.trampolines*)
                0x000000b4                __trampolines_end = .
 *libprintf_flt.a:*(.progmem.data)
 *libc.a:*(.progmem.data)
 *(.progmem*)
                0x000000b4                . = ALIGN (0x2)
 *(.jumptables)
 *(.jumptables*)
 *(.lowtext)
 *(.lowtext*)
                0x000000b4                __ctors_start = .
 *(.ctors)
                0x000000b4                __ctors_end = .
                0x000000b4                __dtors_start = .
 *(.dtors)
                0x000000b4                __dtors_end = .
 SORT(*)(.ctors)
 SORT(*)(.dtors)
 *(.init0)
 .init0         0x000000b4        0x0 C:/Users/adrie/Programes/7.0/Packs/atmel/ATmega_DFP/1.7.374/gcc/dev/atmega328pb/avr5/crtatmega328pb.o
                0x000000b4                __init
 *(.init0)
 *(.init1)
 *(.init1)
 *(.init2)
 .init2         0x000000b4        0xc C:/Users/adrie/Programes/7.0/Packs/atmel/ATmega_DFP/1.7.374/gcc/dev/atmega328pb/avr5/crtatmega328pb.o
 *(.init2)
 *(.init3)
 *(.init3)
 *(.init4)
 .init4         0x000000c0       0x16 c:/users/adrie/programes/7.0/toolchain/avr8/avr8-gnu-toolchain/bin/../lib/gcc/avr/5.4.0/avr5\libgcc.a(_copy_data.o)
                0x000000c0                __do_copy_data
 .init4         0x000000d6       0x10 c:/users/adrie/programes/7.0/toolchain/avr8/avr8-gnu-toolchain/bin/../lib/gcc/avr/5.4.0/avr5\libgcc.a(_clear_bss.o)
                0x000000d6                __do_clear_bss
 *(.init4)
 *(.init5)
 *(.init5)
 *(.init6)
 *(.init6)
 *(.init7)
 *(.init7)
 *(.init8)
 *(.init8)
 *(.init9)
 .init9         0x000000e6        0x8 C:/Users/adrie/Programes/7.0/Packs/atmel/ATmega_DFP/1.7.374/gcc/dev/atmega328pb/avr5/crtatmega328pb.o
 *(.init9)
 *(.text)
 .text          0x000000ee        0x4 C:/Users/adrie/Programes/7.0/Packs/atmel/ATmega_DFP/1.7.374/gcc/dev/atmega328pb/avr5/crtatmega328pb.o
                0x000000ee                __vector_38
                0x000000ee                __vector_22
                0x000000ee                __vector_28
                0x000000ee                __vector_1
                0x000000ee                __vector_32
                0x000000ee                __vector_34
                0x000000ee                __vector_24
                0x000000ee                __vector_12
                0x000000ee                __bad_interrupt
                0x000000ee                __vector_6
                0x000000ee                __vector_31
                0x000000ee                __vector_35
                0x000000ee                __vector_39
                0x000000ee                __vector_23
                0x000000ee                __vector_30
                0x000000ee                __vector_25
                0x000000ee                __vector_13
                0x000000ee                __vector_17
                0x000000ee                __vector_19
                0x000000ee                __vector_7
                0x000000ee                __vector_41
                0x000000ee                __vector_43
                0x000000ee                __vector_27
                0x000000ee                __vector_37
                0x000000ee                __vector_4
                0x000000ee                __vector_44
                0x000000ee                __vector_9
                0x000000ee                __vector_2
                0x000000ee                __vector_21
                0x000000ee                __vector_15
                0x000000ee                __vector_36
                0x000000ee                __vector_29
                0x000000ee                __vector_40
                0x000000ee                __vector_8
                0x000000ee                __vector_26
                0x000000ee                __vector_14
                0x000000ee                __vector_10
                0x000000ee                __vector_16
                0x000000ee                __vector_18
                0x000000ee                __vector_20
                0x000000f2                . = ALIGN (0x2)
 *(.text.*)
 .text.__vector_42
                0x000000f2       0xb4 drivers/src/d1.o
                0x000000f2                __vector_42
 .text.homing_d1
                0x000001a6      0x140 drivers/src/d1.o
                0x000001a6                homing_d1
 .text.mou_d1   0x000002e6      0x110 drivers/src/d1.o
                0x000002e6                mou_d1
 .text.setup_driver_q2
                0x000003f6      0x110 drivers/src/hardware_config.o
                0x000003f6                setup_driver_q2
 .text.setup_driver_q3
                0x00000506       0xf6 drivers/src/hardware_config.o
                0x00000506                setup_driver_q3
 .text.setup_driver_d1
                0x000005fc      0x11a drivers/src/hardware_config.o
                0x000005fc                setup_driver_d1
 .text.calcula_pasos_q2
                0x00000716       0x5a drivers/src/calc_moviment.o
                0x00000716                calcula_pasos_q2
 .text.calcula_pasos_q3
                0x00000770       0x5a drivers/src/calc_moviment.o
                0x00000770                calcula_pasos_q3
 .text.calcula_pasos_d1
                0x000007ca       0x5a drivers/src/calc_moviment.o
                0x000007ca                calcula_pasos_d1
 .text.calcula_passos_moviments_q2
                0x00000824       0xd6 drivers/src/calc_moviment.o
                0x00000824                calcula_passos_moviments_q2
 .text.calcula_passos_moviments_q3
                0x000008fa       0xd6 drivers/src/calc_moviment.o
                0x000008fa                calcula_passos_moviments_q3
 .text.calcula_passos_moviments_d1
                0x000009d0       0xd6 drivers/src/calc_moviment.o
                0x000009d0                calcula_passos_moviments_d1
 .text.moviment
                0x00000aa6       0x7c drivers/src/moviment.o
                0x00000aa6                moviment
 .text.__vector_11
                0x00000b22       0xb2 drivers/src/q2.o
                0x00000b22                __vector_11
 .text.homing_q2
                0x00000bd4      0x132 drivers/src/q2.o
                0x00000bd4                homing_q2
 .text.mou_q2   0x00000d06      0x118 drivers/src/q2.o
                0x00000d06                mou_q2
 .text.__vector_33
                0x00000e1e       0xb4 drivers/src/q3.o
                0x00000e1e                __vector_33
 .text.__vector_3
                0x00000ed2       0x86 drivers/src/q3.o
                0x00000ed2                __vector_3
 .text.__vector_5
                0x00000f58       0x56 drivers/src/q3.o
                0x00000f58                __vector_5
 .text.homing_q3
                0x00000fae      0x144 drivers/src/q3.o
                0x00000fae                homing_q3
 .text.mou_q3   0x000010f2      0x11c drivers/src/q3.o
                0x000010f2                mou_q3
 .text.main     0x0000120e      0x13e main.o
                0x0000120e                main
 .text.avr-libc.fplib
                0x0000134c        0xa c:/users/adrie/programes/7.0/toolchain/avr8/avr8-gnu-toolchain/bin/../lib/gcc/avr/5.4.0/../../../../avr/lib/avr5\libm.a(cmpsf2.o)
                0x0000134c                __nesf2
                0x0000134c                __eqsf2
                0x0000134c                __cmpsf2
                0x0000134c                __ltsf2
                0x0000134c                __lesf2
 .text.avr-libc.fplib
                0x00001356        0x8 c:/users/adrie/programes/7.0/toolchain/avr8/avr8-gnu-toolchain/bin/../lib/gcc/avr/5.4.0/../../../../avr/lib/avr5\libm.a(divsf3.o)
                0x00001356                __divsf3
 .text.avr-libc.fplib
                0x0000135e       0xdc c:/users/adrie/programes/7.0/toolchain/avr8/avr8-gnu-toolchain/bin/../lib/gcc/avr/5.4.0/../../../../avr/lib/avr5\libm.a(divsf3x.o)
                0x0000137e                __divsf3x
                0x00001384                __divsf3_pse
 .text.avr-libc.fplib
                0x0000143a        0xe c:/users/adrie/programes/7.0/toolchain/avr8/avr8-gnu-toolchain/bin/../lib/gcc/avr/5.4.0/../../../../avr/lib/avr5\libm.a(fixsfsi.o)
                0x0000143a                __fixsfsi
 .text.avr-libc.fplib
                0x00001448       0x5e c:/users/adrie/programes/7.0/toolchain/avr8/avr8-gnu-toolchain/bin/../lib/gcc/avr/5.4.0/../../../../avr/lib/avr5\libm.a(fixunssfsi.o)
                0x00001448                __fixunssfsi
 .text.avr-libc.fplib
                0x000014a6       0x48 c:/users/adrie/programes/7.0/toolchain/avr8/avr8-gnu-toolchain/bin/../lib/gcc/avr/5.4.0/../../../../avr/lib/avr5\libm.a(fp_cmp.o)
                0x000014a6                __fp_cmp
 .text.avr-libc.fplib
                0x000014ee        0xc c:/users/adrie/programes/7.0/toolchain/avr8/avr8-gnu-toolchain/bin/../lib/gcc/avr/5.4.0/../../../../avr/lib/avr5\libm.a(fp_inf.o)
                0x000014ee                __fp_inf
 .text.avr-libc.fplib
                0x000014fa        0x6 c:/users/adrie/programes/7.0/toolchain/avr8/avr8-gnu-toolchain/bin/../lib/gcc/avr/5.4.0/../../../../avr/lib/avr5\libm.a(fp_nan.o)
                0x000014fa                __fp_nan
 .text.avr-libc.fplib
                0x00001500        0xe c:/users/adrie/programes/7.0/toolchain/avr8/avr8-gnu-toolchain/bin/../lib/gcc/avr/5.4.0/../../../../avr/lib/avr5\libm.a(fp_pscA.o)
                0x00001500                __fp_pscA
 .text.avr-libc.fplib
                0x0000150e        0xe c:/users/adrie/programes/7.0/toolchain/avr8/avr8-gnu-toolchain/bin/../lib/gcc/avr/5.4.0/../../../../avr/lib/avr5\libm.a(fp_pscB.o)
                0x0000150e                __fp_pscB
 .text.avr-libc.fplib
                0x0000151c       0x22 c:/users/adrie/programes/7.0/toolchain/avr8/avr8-gnu-toolchain/bin/../lib/gcc/avr/5.4.0/../../../../avr/lib/avr5\libm.a(fp_round.o)
                0x0000151c                __fp_round
 .text.avr-libc.fplib
                0x0000153e       0x44 c:/users/adrie/programes/7.0/toolchain/avr8/avr8-gnu-toolchain/bin/../lib/gcc/avr/5.4.0/../../../../avr/lib/avr5\libm.a(fp_split3.o)
                0x0000153e                __fp_split3
                0x0000154e                __fp_splitA
 .text.avr-libc.fplib
                0x00001582        0xe c:/users/adrie/programes/7.0/toolchain/avr8/avr8-gnu-toolchain/bin/../lib/gcc/avr/5.4.0/../../../../avr/lib/avr5\libm.a(fp_zero.o)
                0x00001582                __fp_zero
                0x00001584                __fp_szero
 .text.avr-libc.fplib
                0x00001590        0xa c:/users/adrie/programes/7.0/toolchain/avr8/avr8-gnu-toolchain/bin/../lib/gcc/avr/5.4.0/../../../../avr/lib/avr5\libm.a(gesf2.o)
                0x00001590                __gesf2
                0x00001590                __gtsf2
 .text.avr-libc.fplib
                0x0000159a        0x8 c:/users/adrie/programes/7.0/toolchain/avr8/avr8-gnu-toolchain/bin/../lib/gcc/avr/5.4.0/../../../../avr/lib/avr5\libm.a(mulsf3.o)
                0x0000159a                __mulsf3
 .text.avr-libc.fplib
                0x000015a2       0xd2 c:/users/adrie/programes/7.0/toolchain/avr8/avr8-gnu-toolchain/bin/../lib/gcc/avr/5.4.0/../../../../avr/lib/avr5\libm.a(mulsf3x.o)
                0x000015c0                __mulsf3x
                0x000015c6                __mulsf3_pse
                0x00001674                . = ALIGN (0x2)
 *(.fini9)
 .fini9         0x00001674        0x0 c:/users/adrie/programes/7.0/toolchain/avr8/avr8-gnu-toolchain/bin/../lib/gcc/avr/5.4.0/avr5\libgcc.a(_exit.o)
                0x00001674                _exit
                0x00001674                exit
 *(.fini9)
 *(.fini8)
 *(.fini8)
 *(.fini7)
 *(.fini7)
 *(.fini6)
 *(.fini6)
 *(.fini5)
 *(.fini5)
 *(.fini4)
 *(.fini4)
 *(.fini3)
 *(.fini3)
 *(.fini2)
 *(.fini2)
 *(.fini1)
 *(.fini1)
 *(.fini0)
 .fini0         0x00001674        0x4 c:/users/adrie/programes/7.0/toolchain/avr8/avr8-gnu-toolchain/bin/../lib/gcc/avr/5.4.0/avr5\libgcc.a(_exit.o)
 *(.fini0)
                0x00001678                _etext = .

.data           0x00800100       0xb8 load address 0x00001678
                0x00800100                PROVIDE (__data_start, .)
 *(.data)
 *(.data*)
 .data.HM_D1    0x00800100        0x1 drivers/src/d1.o
                0x00800100                HM_D1
 .data.llista_q2
                0x00800101       0x3c drivers/src/punts.o
                0x00800101                llista_q2
 .data.llista_q3
                0x0080013d       0x3c drivers/src/punts.o
                0x0080013d                llista_q3
 .data.llista_d1
                0x00800179       0x3c drivers/src/punts.o
                0x00800179                llista_d1
 .data.HM_Q2    0x008001b5        0x1 drivers/src/q2.o
                0x008001b5                HM_Q2
 .data.HM_Q3    0x008001b6        0x1 drivers/src/q3.o
                0x008001b6                HM_Q3
 *(.gnu.linkonce.d*)
 *(.rodata)
 *(.rodata*)
 *(.gnu.linkonce.r*)
                0x008001b8                . = ALIGN (0x2)
 *fill*         0x008001b7        0x1 
                0x008001b8                _edata = .
                0x008001b8                PROVIDE (__data_end, .)

.bss            0x008001b8       0x12
                0x008001b8                PROVIDE (__bss_start, .)
 *(.bss)
 *(.bss*)
 .bss.step_count_d1
                0x008001b8        0x2 drivers/src/d1.o
                0x008001b8                step_count_d1
 .bss.MOV_D1    0x008001ba        0x1 drivers/src/d1.o
                0x008001ba                MOV_D1
 .bss.ACABAT_D1
                0x008001bb        0x1 drivers/src/d1.o
                0x008001bb                ACABAT_D1
 .bss.mov_acabat_d1
                0x008001bc        0x1 drivers/src/d1.o
                0x008001bc                mov_acabat_d1
 .bss.mov_index
                0x008001bd        0x1 drivers/src/moviment.o
                0x008001bd                mov_index
 .bss.step_count_q2
                0x008001be        0x2 drivers/src/q2.o
                0x008001be                step_count_q2
 .bss.MOV_Q2    0x008001c0        0x1 drivers/src/q2.o
                0x008001c0                MOV_Q2
 .bss.ACABAT_Q2
                0x008001c1        0x1 drivers/src/q2.o
                0x008001c1                ACABAT_Q2
 .bss.mov_acabat_q2
                0x008001c2        0x1 drivers/src/q2.o
                0x008001c2                mov_acabat_q2
 .bss.step_count_q3
                0x008001c3        0x2 drivers/src/q3.o
                0x008001c3                step_count_q3
 .bss.mov_index_q3
                0x008001c5        0x1 drivers/src/q3.o
                0x008001c5                mov_index_q3
 .bss.MOV_Q3    0x008001c6        0x1 drivers/src/q3.o
                0x008001c6                MOV_Q3
 .bss.ACABAT_Q3
                0x008001c7        0x1 drivers/src/q3.o
                0x008001c7                ACABAT_Q3
 .bss.mov_acabat_q3
                0x008001c8        0x1 drivers/src/q3.o
                0x008001c8                mov_acabat_q3
 *(COMMON)
 COMMON         0x008001c9        0x1 main.o
                0x008001c9                max_moves
                0x008001ca                PROVIDE (__bss_end, .)
                0x00001678                __data_load_start = LOADADDR (.data)
                0x00001730                __data_load_end = (__data_load_start + SIZEOF (.data))

.noinit         0x008001ca        0x0
                [!provide]                PROVIDE (__noinit_start, .)
 *(.noinit*)
                [!provide]                PROVIDE (__noinit_end, .)
                0x008001ca                _end = .
                [!provide]                PROVIDE (__heap_start, .)

.eeprom         0x00810000        0x0
 *(.eeprom*)
                0x00810000                __eeprom_end = .

.fuse
 *(.fuse)
 *(.lfuse)
 *(.hfuse)
 *(.efuse)

.lock
 *(.lock*)

.signature
 *(.signature*)

.user_signatures
 *(.user_signatures*)

.stab
 *(.stab)

.stabstr
 *(.stabstr)

.stab.excl
 *(.stab.excl)

.stab.exclstr
 *(.stab.exclstr)

.stab.index
 *(.stab.index)

.stab.indexstr
 *(.stab.indexstr)

.comment        0x00000000       0x30
 *(.comment)
 .comment       0x00000000       0x30 drivers/src/d1.o
                                 0x31 (size before relaxing)
 .comment       0x00000030       0x31 drivers/src/hardware_config.o
 .comment       0x00000030       0x31 drivers/src/calc_moviment.o
 .comment       0x00000030       0x31 drivers/src/moviment.o
 .comment       0x00000030       0x31 drivers/src/punts.o
 .comment       0x00000030       0x31 drivers/src/q2.o
 .comment       0x00000030       0x31 drivers/src/q3.o
 .comment       0x00000030       0x31 main.o

.note.gnu.avr.deviceinfo
                0x00000000       0x40
 .note.gnu.avr.deviceinfo
                0x00000000       0x40 C:/Users/adrie/Programes/7.0/Packs/atmel/ATmega_DFP/1.7.374/gcc/dev/atmega328pb/avr5/crtatmega328pb.o

.note.gnu.build-id
 *(.note.gnu.build-id)

.debug
 *(.debug)

.line
 *(.line)

.debug_srcinfo
 *(.debug_srcinfo)

.debug_sfnames
 *(.debug_sfnames)

.debug_aranges  0x00000000      0x170
 *(.debug_aranges)
 .debug_aranges
                0x00000000       0x30 drivers/src/d1.o
 .debug_aranges
                0x00000030       0x30 drivers/src/hardware_config.o
 .debug_aranges
                0x00000060       0x48 drivers/src/calc_moviment.o
 .debug_aranges
                0x000000a8       0x20 drivers/src/moviment.o
 .debug_aranges
                0x000000c8       0x18 drivers/src/punts.o
 .debug_aranges
                0x000000e0       0x30 drivers/src/q2.o
 .debug_aranges
                0x00000110       0x40 drivers/src/q3.o
 .debug_aranges
                0x00000150       0x20 main.o

.debug_pubnames
 *(.debug_pubnames)

.debug_info     0x00000000     0x1470
 *(.debug_info .gnu.linkonce.wi.*)
 .debug_info    0x00000000      0x8ea C:/Users/adrie/Programes/7.0/Packs/atmel/ATmega_DFP/1.7.374/gcc/dev/atmega328pb/avr5/crtatmega328pb.o
 .debug_info    0x000008ea      0x1a8 drivers/src/d1.o
 .debug_info    0x00000a92       0xba drivers/src/hardware_config.o
 .debug_info    0x00000b4c      0x1e9 drivers/src/calc_moviment.o
 .debug_info    0x00000d35       0xf5 drivers/src/moviment.o
 .debug_info    0x00000e2a       0xc5 drivers/src/punts.o
 .debug_info    0x00000eef      0x196 drivers/src/q2.o
 .debug_info    0x00001085      0x208 drivers/src/q3.o
 .debug_info    0x0000128d      0x1e3 main.o

.debug_abbrev   0x00000000      0xdaa
 *(.debug_abbrev)
 .debug_abbrev  0x00000000      0x86e C:/Users/adrie/Programes/7.0/Packs/atmel/ATmega_DFP/1.7.374/gcc/dev/atmega328pb/avr5/crtatmega328pb.o
 .debug_abbrev  0x0000086e       0xb3 drivers/src/d1.o
 .debug_abbrev  0x00000921       0x51 drivers/src/hardware_config.o
 .debug_abbrev  0x00000972       0xc1 drivers/src/calc_moviment.o
 .debug_abbrev  0x00000a33       0x7a drivers/src/moviment.o
 .debug_abbrev  0x00000aad       0x81 drivers/src/punts.o
 .debug_abbrev  0x00000b2e       0xb3 drivers/src/q2.o
 .debug_abbrev  0x00000be1       0xb3 drivers/src/q3.o
 .debug_abbrev  0x00000c94      0x116 main.o

.debug_line     0x00000000      0xf57
 *(.debug_line .debug_line.* .debug_line_end)
 .debug_line    0x00000000      0x1a6 C:/Users/adrie/Programes/7.0/Packs/atmel/ATmega_DFP/1.7.374/gcc/dev/atmega328pb/avr5/crtatmega328pb.o
 .debug_line    0x000001a6      0x21e drivers/src/d1.o
 .debug_line    0x000003c4      0x1fe drivers/src/hardware_config.o
 .debug_line    0x000005c2      0x175 drivers/src/calc_moviment.o
 .debug_line    0x00000737      0x13e drivers/src/moviment.o
 .debug_line    0x00000875       0x53 drivers/src/punts.o
 .debug_line    0x000008c8      0x21e drivers/src/q2.o
 .debug_line    0x00000ae6      0x2af drivers/src/q3.o
 .debug_line    0x00000d95      0x1c2 main.o

.debug_frame    0x00000000      0x420
 *(.debug_frame)
 .debug_frame   0x00000000       0x9c drivers/src/d1.o
 .debug_frame   0x0000009c       0x74 drivers/src/hardware_config.o
 .debug_frame   0x00000110       0xf8 drivers/src/calc_moviment.o
 .debug_frame   0x00000208       0x34 drivers/src/moviment.o
 .debug_frame   0x0000023c       0x9c drivers/src/q2.o
 .debug_frame   0x000002d8      0x114 drivers/src/q3.o
 .debug_frame   0x000003ec       0x34 main.o

.debug_str      0x00000000      0x799
 *(.debug_str)
 .debug_str     0x00000000      0x318 C:/Users/adrie/Programes/7.0/Packs/atmel/ATmega_DFP/1.7.374/gcc/dev/atmega328pb/avr5/crtatmega328pb.o
 .debug_str     0x00000318      0x1ee drivers/src/d1.o
                                0x222 (size before relaxing)
 .debug_str     0x00000506       0x51 drivers/src/hardware_config.o
                                0x1cb (size before relaxing)
 .debug_str     0x00000557       0xab drivers/src/calc_moviment.o
                                0x237 (size before relaxing)
 .debug_str     0x00000602       0x57 drivers/src/moviment.o
                                0x1e7 (size before relaxing)
 .debug_str     0x00000659       0x34 drivers/src/punts.o
                                0x163 (size before relaxing)
 .debug_str     0x0000068d       0x4f drivers/src/q2.o
                                0x215 (size before relaxing)
 .debug_str     0x000006dc       0x72 drivers/src/q3.o
                                0x252 (size before relaxing)
 .debug_str     0x0000074e       0x4b main.o
                                0x210 (size before relaxing)

.debug_loc      0x00000000      0x78e
 *(.debug_loc)
 .debug_loc     0x00000000      0x119 drivers/src/d1.o
 .debug_loc     0x00000119       0xb1 drivers/src/hardware_config.o
 .debug_loc     0x000001ca      0x1fe drivers/src/calc_moviment.o
 .debug_loc     0x000003c8       0x3b drivers/src/moviment.o
 .debug_loc     0x00000403      0x119 drivers/src/q2.o
 .debug_loc     0x0000051c      0x22b drivers/src/q3.o
 .debug_loc     0x00000747       0x47 main.o

.debug_macinfo
 *(.debug_macinfo)

.debug_weaknames
 *(.debug_weaknames)

.debug_funcnames
 *(.debug_funcnames)

.debug_typenames
 *(.debug_typenames)

.debug_varnames
 *(.debug_varnames)

.debug_pubtypes
 *(.debug_pubtypes)

.debug_ranges   0x00000000       0xe8
 *(.debug_ranges)
 .debug_ranges  0x00000000       0x20 drivers/src/d1.o
 .debug_ranges  0x00000020       0x20 drivers/src/hardware_config.o
 .debug_ranges  0x00000040       0x38 drivers/src/calc_moviment.o
 .debug_ranges  0x00000078       0x10 drivers/src/moviment.o
 .debug_ranges  0x00000088       0x20 drivers/src/q2.o
 .debug_ranges  0x000000a8       0x30 drivers/src/q3.o
 .debug_ranges  0x000000d8       0x10 main.o

.debug_macro
 *(.debug_macro)
OUTPUT(v1.elf elf32-avr)
LOAD linker stubs
