Archive member included to satisfy reference by file (symbol)

c:/users/adrie/programes/7.0/toolchain/avr8/avr8-gnu-toolchain/bin/../lib/gcc/avr/5.4.0/../../../../avr/lib/avr5\libm.a(addsf3.o)
                              drivers/src/calc_moviment.o (__subsf3)
c:/users/adrie/programes/7.0/toolchain/avr8/avr8-gnu-toolchain/bin/../lib/gcc/avr/5.4.0/../../../../avr/lib/avr5\libm.a(addsf3x.o)
                              c:/users/adrie/programes/7.0/toolchain/avr8/avr8-gnu-toolchain/bin/../lib/gcc/avr/5.4.0/../../../../avr/lib/avr5\libm.a(addsf3.o) (__addsf3x)
c:/users/adrie/programes/7.0/toolchain/avr8/avr8-gnu-toolchain/bin/../lib/gcc/avr/5.4.0/../../../../avr/lib/avr5\libm.a(atan2.o)
                              drivers/src/calc_moviment.o (atan2)
c:/users/adrie/programes/7.0/toolchain/avr8/avr8-gnu-toolchain/bin/../lib/gcc/avr/5.4.0/../../../../avr/lib/avr5\libm.a(atan.o)
                              c:/users/adrie/programes/7.0/toolchain/avr8/avr8-gnu-toolchain/bin/../lib/gcc/avr/5.4.0/../../../../avr/lib/avr5\libm.a(atan2.o) (atan)
c:/users/adrie/programes/7.0/toolchain/avr8/avr8-gnu-toolchain/bin/../lib/gcc/avr/5.4.0/../../../../avr/lib/avr5\libm.a(cmpsf2.o)
                              drivers/src/calc_moviment.o (__eqsf2)
c:/users/adrie/programes/7.0/toolchain/avr8/avr8-gnu-toolchain/bin/../lib/gcc/avr/5.4.0/../../../../avr/lib/avr5\libm.a(divsf3.o)
                              drivers/src/calc_moviment.o (__divsf3)
c:/users/adrie/programes/7.0/toolchain/avr8/avr8-gnu-toolchain/bin/../lib/gcc/avr/5.4.0/../../../../avr/lib/avr5\libm.a(divsf3x.o)
                              c:/users/adrie/programes/7.0/toolchain/avr8/avr8-gnu-toolchain/bin/../lib/gcc/avr/5.4.0/../../../../avr/lib/avr5\libm.a(divsf3.o) (__divsf3x)
c:/users/adrie/programes/7.0/toolchain/avr8/avr8-gnu-toolchain/bin/../lib/gcc/avr/5.4.0/../../../../avr/lib/avr5\libm.a(fixsfsi.o)
                              drivers/src/calc_moviment.o (__fixsfsi)
c:/users/adrie/programes/7.0/toolchain/avr8/avr8-gnu-toolchain/bin/../lib/gcc/avr/5.4.0/../../../../avr/lib/avr5\libm.a(fixunssfsi.o)
                              c:/users/adrie/programes/7.0/toolchain/avr8/avr8-gnu-toolchain/bin/../lib/gcc/avr/5.4.0/../../../../avr/lib/avr5\libm.a(fixsfsi.o) (__fixunssfsi)
c:/users/adrie/programes/7.0/toolchain/avr8/avr8-gnu-toolchain/bin/../lib/gcc/avr/5.4.0/../../../../avr/lib/avr5\libm.a(fmax.o)
                              drivers/src/calc_moviment.o (fmax)
c:/users/adrie/programes/7.0/toolchain/avr8/avr8-gnu-toolchain/bin/../lib/gcc/avr/5.4.0/../../../../avr/lib/avr5\libm.a(fmin.o)
                              drivers/src/calc_moviment.o (fmin)
c:/users/adrie/programes/7.0/toolchain/avr8/avr8-gnu-toolchain/bin/../lib/gcc/avr/5.4.0/../../../../avr/lib/avr5\libm.a(fp_cmp.o)
                              c:/users/adrie/programes/7.0/toolchain/avr8/avr8-gnu-toolchain/bin/../lib/gcc/avr/5.4.0/../../../../avr/lib/avr5\libm.a(cmpsf2.o) (__fp_cmp)
c:/users/adrie/programes/7.0/toolchain/avr8/avr8-gnu-toolchain/bin/../lib/gcc/avr/5.4.0/../../../../avr/lib/avr5\libm.a(fp_inf.o)
                              c:/users/adrie/programes/7.0/toolchain/avr8/avr8-gnu-toolchain/bin/../lib/gcc/avr/5.4.0/../../../../avr/lib/avr5\libm.a(addsf3x.o) (__fp_inf)
c:/users/adrie/programes/7.0/toolchain/avr8/avr8-gnu-toolchain/bin/../lib/gcc/avr/5.4.0/../../../../avr/lib/avr5\libm.a(fp_nan.o)
                              c:/users/adrie/programes/7.0/toolchain/avr8/avr8-gnu-toolchain/bin/../lib/gcc/avr/5.4.0/../../../../avr/lib/avr5\libm.a(addsf3x.o) (__fp_nan)
c:/users/adrie/programes/7.0/toolchain/avr8/avr8-gnu-toolchain/bin/../lib/gcc/avr/5.4.0/../../../../avr/lib/avr5\libm.a(fp_powser.o)
                              c:/users/adrie/programes/7.0/toolchain/avr8/avr8-gnu-toolchain/bin/../lib/gcc/avr/5.4.0/../../../../avr/lib/avr5\libm.a(atan.o) (__fp_powser)
c:/users/adrie/programes/7.0/toolchain/avr8/avr8-gnu-toolchain/bin/../lib/gcc/avr/5.4.0/../../../../avr/lib/avr5\libm.a(fp_pscA.o)
                              c:/users/adrie/programes/7.0/toolchain/avr8/avr8-gnu-toolchain/bin/../lib/gcc/avr/5.4.0/../../../../avr/lib/avr5\libm.a(addsf3x.o) (__fp_pscA)
c:/users/adrie/programes/7.0/toolchain/avr8/avr8-gnu-toolchain/bin/../lib/gcc/avr/5.4.0/../../../../avr/lib/avr5\libm.a(fp_pscB.o)
                              c:/users/adrie/programes/7.0/toolchain/avr8/avr8-gnu-toolchain/bin/../lib/gcc/avr/5.4.0/../../../../avr/lib/avr5\libm.a(addsf3x.o) (__fp_pscB)
c:/users/adrie/programes/7.0/toolchain/avr8/avr8-gnu-toolchain/bin/../lib/gcc/avr/5.4.0/../../../../avr/lib/avr5\libm.a(fp_round.o)
                              c:/users/adrie/programes/7.0/toolchain/avr8/avr8-gnu-toolchain/bin/../lib/gcc/avr/5.4.0/../../../../avr/lib/avr5\libm.a(addsf3.o) (__fp_round)
c:/users/adrie/programes/7.0/toolchain/avr8/avr8-gnu-toolchain/bin/../lib/gcc/avr/5.4.0/../../../../avr/lib/avr5\libm.a(fp_split3.o)
                              c:/users/adrie/programes/7.0/toolchain/avr8/avr8-gnu-toolchain/bin/../lib/gcc/avr/5.4.0/../../../../avr/lib/avr5\libm.a(addsf3x.o) (__fp_split3)
c:/users/adrie/programes/7.0/toolchain/avr8/avr8-gnu-toolchain/bin/../lib/gcc/avr/5.4.0/../../../../avr/lib/avr5\libm.a(fp_zero.o)
                              c:/users/adrie/programes/7.0/toolchain/avr8/avr8-gnu-toolchain/bin/../lib/gcc/avr/5.4.0/../../../../avr/lib/avr5\libm.a(addsf3x.o) (__fp_zero)
c:/users/adrie/programes/7.0/toolchain/avr8/avr8-gnu-toolchain/bin/../lib/gcc/avr/5.4.0/../../../../avr/lib/avr5\libm.a(gesf2.o)
                              drivers/src/calc_moviment.o (__gesf2)
c:/users/adrie/programes/7.0/toolchain/avr8/avr8-gnu-toolchain/bin/../lib/gcc/avr/5.4.0/../../../../avr/lib/avr5\libm.a(inverse.o)
                              c:/users/adrie/programes/7.0/toolchain/avr8/avr8-gnu-toolchain/bin/../lib/gcc/avr/5.4.0/../../../../avr/lib/avr5\libm.a(atan.o) (inverse)
c:/users/adrie/programes/7.0/toolchain/avr8/avr8-gnu-toolchain/bin/../lib/gcc/avr/5.4.0/../../../../avr/lib/avr5\libm.a(mulsf3.o)
                              drivers/src/calc_moviment.o (__mulsf3)
c:/users/adrie/programes/7.0/toolchain/avr8/avr8-gnu-toolchain/bin/../lib/gcc/avr/5.4.0/../../../../avr/lib/avr5\libm.a(mulsf3x.o)
                              c:/users/adrie/programes/7.0/toolchain/avr8/avr8-gnu-toolchain/bin/../lib/gcc/avr/5.4.0/../../../../avr/lib/avr5\libm.a(atan.o) (__mulsf3x)
c:/users/adrie/programes/7.0/toolchain/avr8/avr8-gnu-toolchain/bin/../lib/gcc/avr/5.4.0/../../../../avr/lib/avr5\libm.a(sqrt.o)
                              drivers/src/calc_moviment.o (sqrtf)
c:/users/adrie/programes/7.0/toolchain/avr8/avr8-gnu-toolchain/bin/../lib/gcc/avr/5.4.0/../../../../avr/lib/avr5\libm.a(square.o)
                              c:/users/adrie/programes/7.0/toolchain/avr8/avr8-gnu-toolchain/bin/../lib/gcc/avr/5.4.0/../../../../avr/lib/avr5\libm.a(atan.o) (square)
c:/users/adrie/programes/7.0/toolchain/avr8/avr8-gnu-toolchain/bin/../lib/gcc/avr/5.4.0/../../../../avr/lib/avr5\libm.a(fp_mpack.o)
                              c:/users/adrie/programes/7.0/toolchain/avr8/avr8-gnu-toolchain/bin/../lib/gcc/avr/5.4.0/../../../../avr/lib/avr5\libm.a(sqrt.o) (__fp_mpack)
c:/users/adrie/programes/7.0/toolchain/avr8/avr8-gnu-toolchain/bin/../lib/gcc/avr/5.4.0/../../../../avr/lib/avr5\libm.a(fp_norm2.o)
                              c:/users/adrie/programes/7.0/toolchain/avr8/avr8-gnu-toolchain/bin/../lib/gcc/avr/5.4.0/../../../../avr/lib/avr5\libm.a(sqrt.o) (__fp_norm2)
c:/users/adrie/programes/7.0/toolchain/avr8/avr8-gnu-toolchain/bin/../lib/gcc/avr/5.4.0/avr5\libgcc.a(_exit.o)
                              C:/Users/adrie/Programes/7.0/Packs/atmel/ATmega_DFP/1.7.374/gcc/dev/atmega328pb/avr5/crtatmega328pb.o (exit)
c:/users/adrie/programes/7.0/toolchain/avr8/avr8-gnu-toolchain/bin/../lib/gcc/avr/5.4.0/avr5\libgcc.a(_copy_data.o)
                              drivers/src/d1.o (__do_copy_data)
c:/users/adrie/programes/7.0/toolchain/avr8/avr8-gnu-toolchain/bin/../lib/gcc/avr/5.4.0/avr5\libgcc.a(_clear_bss.o)
                              drivers/src/d1.o (__do_clear_bss)

Allocating common symbols
Common symbol       size              file

buffer              0x80              main.o
max_moves           0x1               main.o
elbow               0x2               drivers/src/d1.o

Discarded input sections

 .data          0x00000000        0x0 C:/Users/adrie/Programes/7.0/Packs/atmel/ATmega_DFP/1.7.374/gcc/dev/atmega328pb/avr5/crtatmega328pb.o
 .bss           0x00000000        0x0 C:/Users/adrie/Programes/7.0/Packs/atmel/ATmega_DFP/1.7.374/gcc/dev/atmega328pb/avr5/crtatmega328pb.o
 .group         0x00000000        0x8 drivers/src/d1.o
 .group         0x00000000        0x8 drivers/src/d1.o
 .group         0x00000000        0x8 drivers/src/d1.o
 .group         0x00000000        0x8 drivers/src/d1.o
 .group         0x00000000        0x8 drivers/src/d1.o
 .group         0x00000000        0x8 drivers/src/d1.o
 .group         0x00000000        0x8 drivers/src/d1.o
 .group         0x00000000        0x8 drivers/src/d1.o
 .group         0x00000000        0x8 drivers/src/d1.o
 .group         0x00000000        0x8 drivers/src/d1.o
 .group         0x00000000        0x8 drivers/src/d1.o
 .group         0x00000000        0x8 drivers/src/d1.o
 .group         0x00000000        0x8 drivers/src/d1.o
 .group         0x00000000        0x8 drivers/src/d1.o
 .group         0x00000000        0x8 drivers/src/d1.o
 .group         0x00000000        0x8 drivers/src/d1.o
 .group         0x00000000        0x8 drivers/src/d1.o
 .group         0x00000000        0x8 drivers/src/d1.o
 .group         0x00000000        0x8 drivers/src/d1.o
 .group         0x00000000        0x8 drivers/src/d1.o
 .group         0x00000000        0x8 drivers/src/d1.o
 .text          0x00000000        0x0 drivers/src/d1.o
 .data          0x00000000        0x0 drivers/src/d1.o
 .bss           0x00000000        0x0 drivers/src/d1.o
 .bss.mov_index_d1
                0x00000000        0x1 drivers/src/d1.o
 COMMON         0x00000000        0x2 drivers/src/d1.o
 .group         0x00000000        0x8 drivers/src/hardware_config.o
 .group         0x00000000        0x8 drivers/src/hardware_config.o
 .group         0x00000000        0x8 drivers/src/hardware_config.o
 .group         0x00000000        0x8 drivers/src/hardware_config.o
 .group         0x00000000        0x8 drivers/src/hardware_config.o
 .group         0x00000000        0x8 drivers/src/hardware_config.o
 .group         0x00000000        0x8 drivers/src/hardware_config.o
 .group         0x00000000        0x8 drivers/src/hardware_config.o
 .group         0x00000000        0x8 drivers/src/hardware_config.o
 .group         0x00000000        0x8 drivers/src/hardware_config.o
 .group         0x00000000        0x8 drivers/src/hardware_config.o
 .group         0x00000000        0x8 drivers/src/hardware_config.o
 .group         0x00000000        0x8 drivers/src/hardware_config.o
 .group         0x00000000        0x8 drivers/src/hardware_config.o
 .text          0x00000000        0x0 drivers/src/hardware_config.o
 .data          0x00000000        0x0 drivers/src/hardware_config.o
 .bss           0x00000000        0x0 drivers/src/hardware_config.o
 .debug_macro   0x00000000      0xa4e drivers/src/hardware_config.o
 .debug_macro   0x00000000       0x10 drivers/src/hardware_config.o
 .debug_macro   0x00000000      0x1c9 drivers/src/hardware_config.o
 .debug_macro   0x00000000      0x2fc drivers/src/hardware_config.o
 .debug_macro   0x00000000       0x9e drivers/src/hardware_config.o
 .debug_macro   0x00000000       0x19 drivers/src/hardware_config.o
 .debug_macro   0x00000000     0x1597 drivers/src/hardware_config.o
 .debug_macro   0x00000000      0x156 drivers/src/hardware_config.o
 .debug_macro   0x00000000       0xbd drivers/src/hardware_config.o
 .debug_macro   0x00000000       0x34 drivers/src/hardware_config.o
 .debug_macro   0x00000000       0x18 drivers/src/hardware_config.o
 .debug_macro   0x00000000       0x6c drivers/src/hardware_config.o
 .debug_macro   0x00000000       0x69 drivers/src/hardware_config.o
 .debug_macro   0x00000000       0x76 drivers/src/hardware_config.o
 .group         0x00000000        0x8 drivers/src/calc_moviment.o
 .group         0x00000000        0x8 drivers/src/calc_moviment.o
 .group         0x00000000        0x8 drivers/src/calc_moviment.o
 .group         0x00000000        0x8 drivers/src/calc_moviment.o
 .group         0x00000000        0x8 drivers/src/calc_moviment.o
 .group         0x00000000        0x8 drivers/src/calc_moviment.o
 .group         0x00000000        0x8 drivers/src/calc_moviment.o
 .group         0x00000000        0x8 drivers/src/calc_moviment.o
 .group         0x00000000        0x8 drivers/src/calc_moviment.o
 .group         0x00000000        0x8 drivers/src/calc_moviment.o
 .group         0x00000000        0x8 drivers/src/calc_moviment.o
 .group         0x00000000        0x8 drivers/src/calc_moviment.o
 .group         0x00000000        0x8 drivers/src/calc_moviment.o
 .group         0x00000000        0x8 drivers/src/calc_moviment.o
 .group         0x00000000        0x8 drivers/src/calc_moviment.o
 .group         0x00000000        0x8 drivers/src/calc_moviment.o
 .group         0x00000000        0x8 drivers/src/calc_moviment.o
 .group         0x00000000        0x8 drivers/src/calc_moviment.o
 .group         0x00000000        0x8 drivers/src/calc_moviment.o
 .group         0x00000000        0x8 drivers/src/calc_moviment.o
 .group         0x00000000        0x8 drivers/src/calc_moviment.o
 .group         0x00000000        0x8 drivers/src/calc_moviment.o
 .text          0x00000000        0x0 drivers/src/calc_moviment.o
 .data          0x00000000        0x0 drivers/src/calc_moviment.o
 .bss           0x00000000        0x0 drivers/src/calc_moviment.o
 .debug_macro   0x00000000      0xa4e drivers/src/calc_moviment.o
 .debug_macro   0x00000000       0x10 drivers/src/calc_moviment.o
 .debug_macro   0x00000000      0x1c9 drivers/src/calc_moviment.o
 .debug_macro   0x00000000      0x2fc drivers/src/calc_moviment.o
 .debug_macro   0x00000000       0x9e drivers/src/calc_moviment.o
 .debug_macro   0x00000000       0x19 drivers/src/calc_moviment.o
 .debug_macro   0x00000000     0x1597 drivers/src/calc_moviment.o
 .debug_macro   0x00000000      0x156 drivers/src/calc_moviment.o
 .debug_macro   0x00000000       0xbd drivers/src/calc_moviment.o
 .debug_macro   0x00000000       0x34 drivers/src/calc_moviment.o
 .debug_macro   0x00000000       0x18 drivers/src/calc_moviment.o
 .debug_macro   0x00000000       0x6c drivers/src/calc_moviment.o
 .debug_macro   0x00000000       0x69 drivers/src/calc_moviment.o
 .debug_macro   0x00000000       0x22 drivers/src/calc_moviment.o
 .debug_macro   0x00000000      0x166 drivers/src/calc_moviment.o
 .debug_macro   0x00000000       0x58 drivers/src/calc_moviment.o
 .debug_macro   0x00000000       0x10 drivers/src/calc_moviment.o
 .debug_macro   0x00000000       0x97 drivers/src/calc_moviment.o
 .debug_macro   0x00000000       0xf2 drivers/src/calc_moviment.o
 .debug_macro   0x00000000       0x22 drivers/src/calc_moviment.o
 .debug_macro   0x00000000       0x76 drivers/src/calc_moviment.o
 .group         0x00000000        0x8 drivers/src/moviment.o
 .group         0x00000000        0x8 drivers/src/moviment.o
 .group         0x00000000        0x8 drivers/src/moviment.o
 .group         0x00000000        0x8 drivers/src/moviment.o
 .group         0x00000000        0x8 drivers/src/moviment.o
 .group         0x00000000        0x8 drivers/src/moviment.o
 .group         0x00000000        0x8 drivers/src/moviment.o
 .group         0x00000000        0x8 drivers/src/moviment.o
 .group         0x00000000        0x8 drivers/src/moviment.o
 .group         0x00000000        0x8 drivers/src/moviment.o
 .group         0x00000000        0x8 drivers/src/moviment.o
 .group         0x00000000        0x8 drivers/src/moviment.o
 .group         0x00000000        0x8 drivers/src/moviment.o
 .text          0x00000000        0x0 drivers/src/moviment.o
 .data          0x00000000        0x0 drivers/src/moviment.o
 .bss           0x00000000        0x0 drivers/src/moviment.o
 .debug_macro   0x00000000      0xa4e drivers/src/moviment.o
 .debug_macro   0x00000000      0x1c9 drivers/src/moviment.o
 .debug_macro   0x00000000       0x10 drivers/src/moviment.o
 .debug_macro   0x00000000       0x9e drivers/src/moviment.o
 .debug_macro   0x00000000       0x19 drivers/src/moviment.o
 .debug_macro   0x00000000     0x1597 drivers/src/moviment.o
 .debug_macro   0x00000000      0x156 drivers/src/moviment.o
 .debug_macro   0x00000000       0xbd drivers/src/moviment.o
 .debug_macro   0x00000000       0x34 drivers/src/moviment.o
 .debug_macro   0x00000000       0x18 drivers/src/moviment.o
 .debug_macro   0x00000000       0x6c drivers/src/moviment.o
 .group         0x00000000        0x8 drivers/src/punts.o
 .group         0x00000000        0x8 drivers/src/punts.o
 .group         0x00000000        0x8 drivers/src/punts.o
 .group         0x00000000        0x8 drivers/src/punts.o
 .group         0x00000000        0x8 drivers/src/punts.o
 .group         0x00000000        0x8 drivers/src/punts.o
 .group         0x00000000        0x8 drivers/src/punts.o
 .text          0x00000000        0x0 drivers/src/punts.o
 .data          0x00000000        0x0 drivers/src/punts.o
 .bss           0x00000000        0x0 drivers/src/punts.o
 .debug_macro   0x00000000      0xa4e drivers/src/punts.o
 .debug_macro   0x00000000      0x1c9 drivers/src/punts.o
 .debug_macro   0x00000000      0x2fc drivers/src/punts.o
 .debug_macro   0x00000000       0x58 drivers/src/punts.o
 .debug_macro   0x00000000       0x10 drivers/src/punts.o
 .debug_macro   0x00000000       0x97 drivers/src/punts.o
 .debug_macro   0x00000000       0xf2 drivers/src/punts.o
 .group         0x00000000        0x8 drivers/src/q2.o
 .group         0x00000000        0x8 drivers/src/q2.o
 .group         0x00000000        0x8 drivers/src/q2.o
 .group         0x00000000        0x8 drivers/src/q2.o
 .group         0x00000000        0x8 drivers/src/q2.o
 .group         0x00000000        0x8 drivers/src/q2.o
 .group         0x00000000        0x8 drivers/src/q2.o
 .group         0x00000000        0x8 drivers/src/q2.o
 .group         0x00000000        0x8 drivers/src/q2.o
 .group         0x00000000        0x8 drivers/src/q2.o
 .group         0x00000000        0x8 drivers/src/q2.o
 .group         0x00000000        0x8 drivers/src/q2.o
 .group         0x00000000        0x8 drivers/src/q2.o
 .group         0x00000000        0x8 drivers/src/q2.o
 .group         0x00000000        0x8 drivers/src/q2.o
 .group         0x00000000        0x8 drivers/src/q2.o
 .group         0x00000000        0x8 drivers/src/q2.o
 .group         0x00000000        0x8 drivers/src/q2.o
 .group         0x00000000        0x8 drivers/src/q2.o
 .group         0x00000000        0x8 drivers/src/q2.o
 .group         0x00000000        0x8 drivers/src/q2.o
 .text          0x00000000        0x0 drivers/src/q2.o
 .data          0x00000000        0x0 drivers/src/q2.o
 .bss           0x00000000        0x0 drivers/src/q2.o
 .debug_macro   0x00000000      0xa4e drivers/src/q2.o
 .debug_macro   0x00000000       0x10 drivers/src/q2.o
 .debug_macro   0x00000000      0x1c9 drivers/src/q2.o
 .debug_macro   0x00000000      0x2fc drivers/src/q2.o
 .debug_macro   0x00000000       0x9e drivers/src/q2.o
 .debug_macro   0x00000000       0x19 drivers/src/q2.o
 .debug_macro   0x00000000     0x1597 drivers/src/q2.o
 .debug_macro   0x00000000      0x156 drivers/src/q2.o
 .debug_macro   0x00000000       0xbd drivers/src/q2.o
 .debug_macro   0x00000000       0x34 drivers/src/q2.o
 .debug_macro   0x00000000       0x18 drivers/src/q2.o
 .debug_macro   0x00000000       0x6c drivers/src/q2.o
 .debug_macro   0x00000000       0x69 drivers/src/q2.o
 .debug_macro   0x00000000       0x76 drivers/src/q2.o
 .debug_macro   0x00000000       0x58 drivers/src/q2.o
 .debug_macro   0x00000000       0x10 drivers/src/q2.o
 .debug_macro   0x00000000       0x97 drivers/src/q2.o
 .debug_macro   0x00000000       0xf2 drivers/src/q2.o
 .debug_macro   0x00000000       0x22 drivers/src/q2.o
 .debug_macro   0x00000000      0x166 drivers/src/q2.o
 .debug_macro   0x00000000       0x22 drivers/src/q2.o
 .group         0x00000000        0x8 drivers/src/q3.o
 .group         0x00000000        0x8 drivers/src/q3.o
 .group         0x00000000        0x8 drivers/src/q3.o
 .group         0x00000000        0x8 drivers/src/q3.o
 .group         0x00000000        0x8 drivers/src/q3.o
 .group         0x00000000        0x8 drivers/src/q3.o
 .group         0x00000000        0x8 drivers/src/q3.o
 .group         0x00000000        0x8 drivers/src/q3.o
 .group         0x00000000        0x8 drivers/src/q3.o
 .group         0x00000000        0x8 drivers/src/q3.o
 .group         0x00000000        0x8 drivers/src/q3.o
 .group         0x00000000        0x8 drivers/src/q3.o
 .group         0x00000000        0x8 drivers/src/q3.o
 .group         0x00000000        0x8 drivers/src/q3.o
 .group         0x00000000        0x8 drivers/src/q3.o
 .group         0x00000000        0x8 drivers/src/q3.o
 .group         0x00000000        0x8 drivers/src/q3.o
 .group         0x00000000        0x8 drivers/src/q3.o
 .group         0x00000000        0x8 drivers/src/q3.o
 .group         0x00000000        0x8 drivers/src/q3.o
 .group         0x00000000        0x8 drivers/src/q3.o
 .text          0x00000000        0x0 drivers/src/q3.o
 .data          0x00000000        0x0 drivers/src/q3.o
 .bss           0x00000000        0x0 drivers/src/q3.o
 .debug_macro   0x00000000      0xa4e drivers/src/q3.o
 .debug_macro   0x00000000       0x10 drivers/src/q3.o
 .debug_macro   0x00000000      0x1c9 drivers/src/q3.o
 .debug_macro   0x00000000      0x2fc drivers/src/q3.o
 .debug_macro   0x00000000       0x9e drivers/src/q3.o
 .debug_macro   0x00000000       0x19 drivers/src/q3.o
 .debug_macro   0x00000000     0x1597 drivers/src/q3.o
 .debug_macro   0x00000000      0x156 drivers/src/q3.o
 .debug_macro   0x00000000       0xbd drivers/src/q3.o
 .debug_macro   0x00000000       0x34 drivers/src/q3.o
 .debug_macro   0x00000000       0x18 drivers/src/q3.o
 .debug_macro   0x00000000       0x6c drivers/src/q3.o
 .debug_macro   0x00000000       0x69 drivers/src/q3.o
 .debug_macro   0x00000000       0x76 drivers/src/q3.o
 .debug_macro   0x00000000       0x58 drivers/src/q3.o
 .debug_macro   0x00000000       0x10 drivers/src/q3.o
 .debug_macro   0x00000000       0x97 drivers/src/q3.o
 .debug_macro   0x00000000       0xf2 drivers/src/q3.o
 .debug_macro   0x00000000       0x22 drivers/src/q3.o
 .debug_macro   0x00000000      0x166 drivers/src/q3.o
 .debug_macro   0x00000000       0x22 drivers/src/q3.o
 .group         0x00000000        0x8 drivers/src/USART.o
 .group         0x00000000        0x8 drivers/src/USART.o
 .group         0x00000000        0x8 drivers/src/USART.o
 .group         0x00000000        0x8 drivers/src/USART.o
 .group         0x00000000        0x8 drivers/src/USART.o
 .group         0x00000000        0x8 drivers/src/USART.o
 .group         0x00000000        0x8 drivers/src/USART.o
 .group         0x00000000        0x8 drivers/src/USART.o
 .group         0x00000000        0x8 drivers/src/USART.o
 .group         0x00000000        0x8 drivers/src/USART.o
 .group         0x00000000        0x8 drivers/src/USART.o
 .group         0x00000000        0x8 drivers/src/USART.o
 .group         0x00000000        0x8 drivers/src/USART.o
 .text          0x00000000        0x0 drivers/src/USART.o
 .data          0x00000000        0x0 drivers/src/USART.o
 .bss           0x00000000        0x0 drivers/src/USART.o
 .debug_macro   0x00000000      0xa4e drivers/src/USART.o
 .debug_macro   0x00000000       0x10 drivers/src/USART.o
 .debug_macro   0x00000000      0x1c9 drivers/src/USART.o
 .debug_macro   0x00000000      0x2fc drivers/src/USART.o
 .debug_macro   0x00000000       0x9e drivers/src/USART.o
 .debug_macro   0x00000000       0x19 drivers/src/USART.o
 .debug_macro   0x00000000     0x1597 drivers/src/USART.o
 .debug_macro   0x00000000      0x156 drivers/src/USART.o
 .debug_macro   0x00000000       0xbd drivers/src/USART.o
 .debug_macro   0x00000000       0x34 drivers/src/USART.o
 .debug_macro   0x00000000       0x18 drivers/src/USART.o
 .debug_macro   0x00000000       0x6c drivers/src/USART.o
 .debug_macro   0x00000000       0x16 drivers/src/USART.o
 .group         0x00000000        0x8 main.o
 .group         0x00000000        0x8 main.o
 .group         0x00000000        0x8 main.o
 .group         0x00000000        0x8 main.o
 .group         0x00000000        0x8 main.o
 .group         0x00000000        0x8 main.o
 .group         0x00000000        0x8 main.o
 .group         0x00000000        0x8 main.o
 .group         0x00000000        0x8 main.o
 .group         0x00000000        0x8 main.o
 .group         0x00000000        0x8 main.o
 .group         0x00000000        0x8 main.o
 .group         0x00000000        0x8 main.o
 .group         0x00000000        0x8 main.o
 .group         0x00000000        0x8 main.o
 .group         0x00000000        0x8 main.o
 .group         0x00000000        0x8 main.o
 .group         0x00000000        0x8 main.o
 .group         0x00000000        0x8 main.o
 .group         0x00000000        0x8 main.o
 .group         0x00000000        0x8 main.o
 .group         0x00000000        0x8 main.o
 .text          0x00000000        0x0 main.o
 .data          0x00000000        0x0 main.o
 .bss           0x00000000        0x0 main.o
 .debug_macro   0x00000000      0xa4e main.o
 .debug_macro   0x00000000       0x10 main.o
 .debug_macro   0x00000000      0x1c9 main.o
 .debug_macro   0x00000000      0x2fc main.o
 .debug_macro   0x00000000       0x9e main.o
 .debug_macro   0x00000000       0x19 main.o
 .debug_macro   0x00000000     0x1597 main.o
 .debug_macro   0x00000000      0x156 main.o
 .debug_macro   0x00000000       0xbd main.o
 .debug_macro   0x00000000       0x34 main.o
 .debug_macro   0x00000000       0x18 main.o
 .debug_macro   0x00000000       0x6c main.o
 .debug_macro   0x00000000       0x69 main.o
 .debug_macro   0x00000000       0x22 main.o
 .debug_macro   0x00000000      0x166 main.o
 .debug_macro   0x00000000       0x58 main.o
 .debug_macro   0x00000000       0x10 main.o
 .debug_macro   0x00000000       0x97 main.o
 .debug_macro   0x00000000       0xf2 main.o
 .debug_macro   0x00000000       0x22 main.o
 .debug_macro   0x00000000       0x76 main.o
 .debug_macro   0x00000000       0x1c main.o
 .text          0x00000000        0x0 c:/users/adrie/programes/7.0/toolchain/avr8/avr8-gnu-toolchain/bin/../lib/gcc/avr/5.4.0/../../../../avr/lib/avr5\libm.a(addsf3.o)
 .data          0x00000000        0x0 c:/users/adrie/programes/7.0/toolchain/avr8/avr8-gnu-toolchain/bin/../lib/gcc/avr/5.4.0/../../../../avr/lib/avr5\libm.a(addsf3.o)
 .bss           0x00000000        0x0 c:/users/adrie/programes/7.0/toolchain/avr8/avr8-gnu-toolchain/bin/../lib/gcc/avr/5.4.0/../../../../avr/lib/avr5\libm.a(addsf3.o)
 .text          0x00000000        0x0 c:/users/adrie/programes/7.0/toolchain/avr8/avr8-gnu-toolchain/bin/../lib/gcc/avr/5.4.0/../../../../avr/lib/avr5\libm.a(addsf3x.o)
 .data          0x00000000        0x0 c:/users/adrie/programes/7.0/toolchain/avr8/avr8-gnu-toolchain/bin/../lib/gcc/avr/5.4.0/../../../../avr/lib/avr5\libm.a(addsf3x.o)
 .bss           0x00000000        0x0 c:/users/adrie/programes/7.0/toolchain/avr8/avr8-gnu-toolchain/bin/../lib/gcc/avr/5.4.0/../../../../avr/lib/avr5\libm.a(addsf3x.o)
 .text          0x00000000        0x0 c:/users/adrie/programes/7.0/toolchain/avr8/avr8-gnu-toolchain/bin/../lib/gcc/avr/5.4.0/../../../../avr/lib/avr5\libm.a(atan2.o)
 .data          0x00000000        0x0 c:/users/adrie/programes/7.0/toolchain/avr8/avr8-gnu-toolchain/bin/../lib/gcc/avr/5.4.0/../../../../avr/lib/avr5\libm.a(atan2.o)
 .bss           0x00000000        0x0 c:/users/adrie/programes/7.0/toolchain/avr8/avr8-gnu-toolchain/bin/../lib/gcc/avr/5.4.0/../../../../avr/lib/avr5\libm.a(atan2.o)
 .text          0x00000000        0x0 c:/users/adrie/programes/7.0/toolchain/avr8/avr8-gnu-toolchain/bin/../lib/gcc/avr/5.4.0/../../../../avr/lib/avr5\libm.a(atan.o)
 .data          0x00000000        0x0 c:/users/adrie/programes/7.0/toolchain/avr8/avr8-gnu-toolchain/bin/../lib/gcc/avr/5.4.0/../../../../avr/lib/avr5\libm.a(atan.o)
 .bss           0x00000000        0x0 c:/users/adrie/programes/7.0/toolchain/avr8/avr8-gnu-toolchain/bin/../lib/gcc/avr/5.4.0/../../../../avr/lib/avr5\libm.a(atan.o)
 .text          0x00000000        0x0 c:/users/adrie/programes/7.0/toolchain/avr8/avr8-gnu-toolchain/bin/../lib/gcc/avr/5.4.0/../../../../avr/lib/avr5\libm.a(cmpsf2.o)
 .data          0x00000000        0x0 c:/users/adrie/programes/7.0/toolchain/avr8/avr8-gnu-toolchain/bin/../lib/gcc/avr/5.4.0/../../../../avr/lib/avr5\libm.a(cmpsf2.o)
 .bss           0x00000000        0x0 c:/users/adrie/programes/7.0/toolchain/avr8/avr8-gnu-toolchain/bin/../lib/gcc/avr/5.4.0/../../../../avr/lib/avr5\libm.a(cmpsf2.o)
 .text          0x00000000        0x0 c:/users/adrie/programes/7.0/toolchain/avr8/avr8-gnu-toolchain/bin/../lib/gcc/avr/5.4.0/../../../../avr/lib/avr5\libm.a(divsf3.o)
 .data          0x00000000        0x0 c:/users/adrie/programes/7.0/toolchain/avr8/avr8-gnu-toolchain/bin/../lib/gcc/avr/5.4.0/../../../../avr/lib/avr5\libm.a(divsf3.o)
 .bss           0x00000000        0x0 c:/users/adrie/programes/7.0/toolchain/avr8/avr8-gnu-toolchain/bin/../lib/gcc/avr/5.4.0/../../../../avr/lib/avr5\libm.a(divsf3.o)
 .text          0x00000000        0x0 c:/users/adrie/programes/7.0/toolchain/avr8/avr8-gnu-toolchain/bin/../lib/gcc/avr/5.4.0/../../../../avr/lib/avr5\libm.a(divsf3x.o)
 .data          0x00000000        0x0 c:/users/adrie/programes/7.0/toolchain/avr8/avr8-gnu-toolchain/bin/../lib/gcc/avr/5.4.0/../../../../avr/lib/avr5\libm.a(divsf3x.o)
 .bss           0x00000000        0x0 c:/users/adrie/programes/7.0/toolchain/avr8/avr8-gnu-toolchain/bin/../lib/gcc/avr/5.4.0/../../../../avr/lib/avr5\libm.a(divsf3x.o)
 .text          0x00000000        0x0 c:/users/adrie/programes/7.0/toolchain/avr8/avr8-gnu-toolchain/bin/../lib/gcc/avr/5.4.0/../../../../avr/lib/avr5\libm.a(fixsfsi.o)
 .data          0x00000000        0x0 c:/users/adrie/programes/7.0/toolchain/avr8/avr8-gnu-toolchain/bin/../lib/gcc/avr/5.4.0/../../../../avr/lib/avr5\libm.a(fixsfsi.o)
 .bss           0x00000000        0x0 c:/users/adrie/programes/7.0/toolchain/avr8/avr8-gnu-toolchain/bin/../lib/gcc/avr/5.4.0/../../../../avr/lib/avr5\libm.a(fixsfsi.o)
 .text          0x00000000        0x0 c:/users/adrie/programes/7.0/toolchain/avr8/avr8-gnu-toolchain/bin/../lib/gcc/avr/5.4.0/../../../../avr/lib/avr5\libm.a(fixunssfsi.o)
 .data          0x00000000        0x0 c:/users/adrie/programes/7.0/toolchain/avr8/avr8-gnu-toolchain/bin/../lib/gcc/avr/5.4.0/../../../../avr/lib/avr5\libm.a(fixunssfsi.o)
 .bss           0x00000000        0x0 c:/users/adrie/programes/7.0/toolchain/avr8/avr8-gnu-toolchain/bin/../lib/gcc/avr/5.4.0/../../../../avr/lib/avr5\libm.a(fixunssfsi.o)
 .text          0x00000000        0x0 c:/users/adrie/programes/7.0/toolchain/avr8/avr8-gnu-toolchain/bin/../lib/gcc/avr/5.4.0/../../../../avr/lib/avr5\libm.a(fmax.o)
 .data          0x00000000        0x0 c:/users/adrie/programes/7.0/toolchain/avr8/avr8-gnu-toolchain/bin/../lib/gcc/avr/5.4.0/../../../../avr/lib/avr5\libm.a(fmax.o)
 .bss           0x00000000        0x0 c:/users/adrie/programes/7.0/toolchain/avr8/avr8-gnu-toolchain/bin/../lib/gcc/avr/5.4.0/../../../../avr/lib/avr5\libm.a(fmax.o)
 .text          0x00000000        0x0 c:/users/adrie/programes/7.0/toolchain/avr8/avr8-gnu-toolchain/bin/../lib/gcc/avr/5.4.0/../../../../avr/lib/avr5\libm.a(fmin.o)
 .data          0x00000000        0x0 c:/users/adrie/programes/7.0/toolchain/avr8/avr8-gnu-toolchain/bin/../lib/gcc/avr/5.4.0/../../../../avr/lib/avr5\libm.a(fmin.o)
 .bss           0x00000000        0x0 c:/users/adrie/programes/7.0/toolchain/avr8/avr8-gnu-toolchain/bin/../lib/gcc/avr/5.4.0/../../../../avr/lib/avr5\libm.a(fmin.o)
 .text          0x00000000        0x0 c:/users/adrie/programes/7.0/toolchain/avr8/avr8-gnu-toolchain/bin/../lib/gcc/avr/5.4.0/../../../../avr/lib/avr5\libm.a(fp_cmp.o)
 .data          0x00000000        0x0 c:/users/adrie/programes/7.0/toolchain/avr8/avr8-gnu-toolchain/bin/../lib/gcc/avr/5.4.0/../../../../avr/lib/avr5\libm.a(fp_cmp.o)
 .bss           0x00000000        0x0 c:/users/adrie/programes/7.0/toolchain/avr8/avr8-gnu-toolchain/bin/../lib/gcc/avr/5.4.0/../../../../avr/lib/avr5\libm.a(fp_cmp.o)
 .text          0x00000000        0x0 c:/users/adrie/programes/7.0/toolchain/avr8/avr8-gnu-toolchain/bin/../lib/gcc/avr/5.4.0/../../../../avr/lib/avr5\libm.a(fp_inf.o)
 .data          0x00000000        0x0 c:/users/adrie/programes/7.0/toolchain/avr8/avr8-gnu-toolchain/bin/../lib/gcc/avr/5.4.0/../../../../avr/lib/avr5\libm.a(fp_inf.o)
 .bss           0x00000000        0x0 c:/users/adrie/programes/7.0/toolchain/avr8/avr8-gnu-toolchain/bin/../lib/gcc/avr/5.4.0/../../../../avr/lib/avr5\libm.a(fp_inf.o)
 .text          0x00000000        0x0 c:/users/adrie/programes/7.0/toolchain/avr8/avr8-gnu-toolchain/bin/../lib/gcc/avr/5.4.0/../../../../avr/lib/avr5\libm.a(fp_nan.o)
 .data          0x00000000        0x0 c:/users/adrie/programes/7.0/toolchain/avr8/avr8-gnu-toolchain/bin/../lib/gcc/avr/5.4.0/../../../../avr/lib/avr5\libm.a(fp_nan.o)
 .bss           0x00000000        0x0 c:/users/adrie/programes/7.0/toolchain/avr8/avr8-gnu-toolchain/bin/../lib/gcc/avr/5.4.0/../../../../avr/lib/avr5\libm.a(fp_nan.o)
 .text          0x00000000        0x0 c:/users/adrie/programes/7.0/toolchain/avr8/avr8-gnu-toolchain/bin/../lib/gcc/avr/5.4.0/../../../../avr/lib/avr5\libm.a(fp_powser.o)
 .data          0x00000000        0x0 c:/users/adrie/programes/7.0/toolchain/avr8/avr8-gnu-toolchain/bin/../lib/gcc/avr/5.4.0/../../../../avr/lib/avr5\libm.a(fp_powser.o)
 .bss           0x00000000        0x0 c:/users/adrie/programes/7.0/toolchain/avr8/avr8-gnu-toolchain/bin/../lib/gcc/avr/5.4.0/../../../../avr/lib/avr5\libm.a(fp_powser.o)
 .text          0x00000000        0x0 c:/users/adrie/programes/7.0/toolchain/avr8/avr8-gnu-toolchain/bin/../lib/gcc/avr/5.4.0/../../../../avr/lib/avr5\libm.a(fp_pscA.o)
 .data          0x00000000        0x0 c:/users/adrie/programes/7.0/toolchain/avr8/avr8-gnu-toolchain/bin/../lib/gcc/avr/5.4.0/../../../../avr/lib/avr5\libm.a(fp_pscA.o)
 .bss           0x00000000        0x0 c:/users/adrie/programes/7.0/toolchain/avr8/avr8-gnu-toolchain/bin/../lib/gcc/avr/5.4.0/../../../../avr/lib/avr5\libm.a(fp_pscA.o)
 .text          0x00000000        0x0 c:/users/adrie/programes/7.0/toolchain/avr8/avr8-gnu-toolchain/bin/../lib/gcc/avr/5.4.0/../../../../avr/lib/avr5\libm.a(fp_pscB.o)
 .data          0x00000000        0x0 c:/users/adrie/programes/7.0/toolchain/avr8/avr8-gnu-toolchain/bin/../lib/gcc/avr/5.4.0/../../../../avr/lib/avr5\libm.a(fp_pscB.o)
 .bss           0x00000000        0x0 c:/users/adrie/programes/7.0/toolchain/avr8/avr8-gnu-toolchain/bin/../lib/gcc/avr/5.4.0/../../../../avr/lib/avr5\libm.a(fp_pscB.o)
 .text          0x00000000        0x0 c:/users/adrie/programes/7.0/toolchain/avr8/avr8-gnu-toolchain/bin/../lib/gcc/avr/5.4.0/../../../../avr/lib/avr5\libm.a(fp_round.o)
 .data          0x00000000        0x0 c:/users/adrie/programes/7.0/toolchain/avr8/avr8-gnu-toolchain/bin/../lib/gcc/avr/5.4.0/../../../../avr/lib/avr5\libm.a(fp_round.o)
 .bss           0x00000000        0x0 c:/users/adrie/programes/7.0/toolchain/avr8/avr8-gnu-toolchain/bin/../lib/gcc/avr/5.4.0/../../../../avr/lib/avr5\libm.a(fp_round.o)
 .text          0x00000000        0x0 c:/users/adrie/programes/7.0/toolchain/avr8/avr8-gnu-toolchain/bin/../lib/gcc/avr/5.4.0/../../../../avr/lib/avr5\libm.a(fp_split3.o)
 .data          0x00000000        0x0 c:/users/adrie/programes/7.0/toolchain/avr8/avr8-gnu-toolchain/bin/../lib/gcc/avr/5.4.0/../../../../avr/lib/avr5\libm.a(fp_split3.o)
 .bss           0x00000000        0x0 c:/users/adrie/programes/7.0/toolchain/avr8/avr8-gnu-toolchain/bin/../lib/gcc/avr/5.4.0/../../../../avr/lib/avr5\libm.a(fp_split3.o)
 .text          0x00000000        0x0 c:/users/adrie/programes/7.0/toolchain/avr8/avr8-gnu-toolchain/bin/../lib/gcc/avr/5.4.0/../../../../avr/lib/avr5\libm.a(fp_zero.o)
 .data          0x00000000        0x0 c:/users/adrie/programes/7.0/toolchain/avr8/avr8-gnu-toolchain/bin/../lib/gcc/avr/5.4.0/../../../../avr/lib/avr5\libm.a(fp_zero.o)
 .bss           0x00000000        0x0 c:/users/adrie/programes/7.0/toolchain/avr8/avr8-gnu-toolchain/bin/../lib/gcc/avr/5.4.0/../../../../avr/lib/avr5\libm.a(fp_zero.o)
 .text          0x00000000        0x0 c:/users/adrie/programes/7.0/toolchain/avr8/avr8-gnu-toolchain/bin/../lib/gcc/avr/5.4.0/../../../../avr/lib/avr5\libm.a(gesf2.o)
 .data          0x00000000        0x0 c:/users/adrie/programes/7.0/toolchain/avr8/avr8-gnu-toolchain/bin/../lib/gcc/avr/5.4.0/../../../../avr/lib/avr5\libm.a(gesf2.o)
 .bss           0x00000000        0x0 c:/users/adrie/programes/7.0/toolchain/avr8/avr8-gnu-toolchain/bin/../lib/gcc/avr/5.4.0/../../../../avr/lib/avr5\libm.a(gesf2.o)
 .text          0x00000000        0x0 c:/users/adrie/programes/7.0/toolchain/avr8/avr8-gnu-toolchain/bin/../lib/gcc/avr/5.4.0/../../../../avr/lib/avr5\libm.a(inverse.o)
 .data          0x00000000        0x0 c:/users/adrie/programes/7.0/toolchain/avr8/avr8-gnu-toolchain/bin/../lib/gcc/avr/5.4.0/../../../../avr/lib/avr5\libm.a(inverse.o)
 .bss           0x00000000        0x0 c:/users/adrie/programes/7.0/toolchain/avr8/avr8-gnu-toolchain/bin/../lib/gcc/avr/5.4.0/../../../../avr/lib/avr5\libm.a(inverse.o)
 .text          0x00000000        0x0 c:/users/adrie/programes/7.0/toolchain/avr8/avr8-gnu-toolchain/bin/../lib/gcc/avr/5.4.0/../../../../avr/lib/avr5\libm.a(mulsf3.o)
 .data          0x00000000        0x0 c:/users/adrie/programes/7.0/toolchain/avr8/avr8-gnu-toolchain/bin/../lib/gcc/avr/5.4.0/../../../../avr/lib/avr5\libm.a(mulsf3.o)
 .bss           0x00000000        0x0 c:/users/adrie/programes/7.0/toolchain/avr8/avr8-gnu-toolchain/bin/../lib/gcc/avr/5.4.0/../../../../avr/lib/avr5\libm.a(mulsf3.o)
 .text          0x00000000        0x0 c:/users/adrie/programes/7.0/toolchain/avr8/avr8-gnu-toolchain/bin/../lib/gcc/avr/5.4.0/../../../../avr/lib/avr5\libm.a(mulsf3x.o)
 .data          0x00000000        0x0 c:/users/adrie/programes/7.0/toolchain/avr8/avr8-gnu-toolchain/bin/../lib/gcc/avr/5.4.0/../../../../avr/lib/avr5\libm.a(mulsf3x.o)
 .bss           0x00000000        0x0 c:/users/adrie/programes/7.0/toolchain/avr8/avr8-gnu-toolchain/bin/../lib/gcc/avr/5.4.0/../../../../avr/lib/avr5\libm.a(mulsf3x.o)
 .text          0x00000000        0x0 c:/users/adrie/programes/7.0/toolchain/avr8/avr8-gnu-toolchain/bin/../lib/gcc/avr/5.4.0/../../../../avr/lib/avr5\libm.a(sqrt.o)
 .data          0x00000000        0x0 c:/users/adrie/programes/7.0/toolchain/avr8/avr8-gnu-toolchain/bin/../lib/gcc/avr/5.4.0/../../../../avr/lib/avr5\libm.a(sqrt.o)
 .bss           0x00000000        0x0 c:/users/adrie/programes/7.0/toolchain/avr8/avr8-gnu-toolchain/bin/../lib/gcc/avr/5.4.0/../../../../avr/lib/avr5\libm.a(sqrt.o)
 .text          0x00000000        0x0 c:/users/adrie/programes/7.0/toolchain/avr8/avr8-gnu-toolchain/bin/../lib/gcc/avr/5.4.0/../../../../avr/lib/avr5\libm.a(square.o)
 .data          0x00000000        0x0 c:/users/adrie/programes/7.0/toolchain/avr8/avr8-gnu-toolchain/bin/../lib/gcc/avr/5.4.0/../../../../avr/lib/avr5\libm.a(square.o)
 .bss           0x00000000        0x0 c:/users/adrie/programes/7.0/toolchain/avr8/avr8-gnu-toolchain/bin/../lib/gcc/avr/5.4.0/../../../../avr/lib/avr5\libm.a(square.o)
 .text          0x00000000        0x0 c:/users/adrie/programes/7.0/toolchain/avr8/avr8-gnu-toolchain/bin/../lib/gcc/avr/5.4.0/../../../../avr/lib/avr5\libm.a(fp_mpack.o)
 .data          0x00000000        0x0 c:/users/adrie/programes/7.0/toolchain/avr8/avr8-gnu-toolchain/bin/../lib/gcc/avr/5.4.0/../../../../avr/lib/avr5\libm.a(fp_mpack.o)
 .bss           0x00000000        0x0 c:/users/adrie/programes/7.0/toolchain/avr8/avr8-gnu-toolchain/bin/../lib/gcc/avr/5.4.0/../../../../avr/lib/avr5\libm.a(fp_mpack.o)
 .text          0x00000000        0x0 c:/users/adrie/programes/7.0/toolchain/avr8/avr8-gnu-toolchain/bin/../lib/gcc/avr/5.4.0/../../../../avr/lib/avr5\libm.a(fp_norm2.o)
 .data          0x00000000        0x0 c:/users/adrie/programes/7.0/toolchain/avr8/avr8-gnu-toolchain/bin/../lib/gcc/avr/5.4.0/../../../../avr/lib/avr5\libm.a(fp_norm2.o)
 .bss           0x00000000        0x0 c:/users/adrie/programes/7.0/toolchain/avr8/avr8-gnu-toolchain/bin/../lib/gcc/avr/5.4.0/../../../../avr/lib/avr5\libm.a(fp_norm2.o)
 .text          0x00000000        0x0 c:/users/adrie/programes/7.0/toolchain/avr8/avr8-gnu-toolchain/bin/../lib/gcc/avr/5.4.0/avr5\libgcc.a(_exit.o)
 .data          0x00000000        0x0 c:/users/adrie/programes/7.0/toolchain/avr8/avr8-gnu-toolchain/bin/../lib/gcc/avr/5.4.0/avr5\libgcc.a(_exit.o)
 .bss           0x00000000        0x0 c:/users/adrie/programes/7.0/toolchain/avr8/avr8-gnu-toolchain/bin/../lib/gcc/avr/5.4.0/avr5\libgcc.a(_exit.o)
 .text.libgcc.mul
                0x00000000        0x0 c:/users/adrie/programes/7.0/toolchain/avr8/avr8-gnu-toolchain/bin/../lib/gcc/avr/5.4.0/avr5\libgcc.a(_exit.o)
 .text.libgcc.div
                0x00000000        0x0 c:/users/adrie/programes/7.0/toolchain/avr8/avr8-gnu-toolchain/bin/../lib/gcc/avr/5.4.0/avr5\libgcc.a(_exit.o)
 .text.libgcc   0x00000000        0x0 c:/users/adrie/programes/7.0/toolchain/avr8/avr8-gnu-toolchain/bin/../lib/gcc/avr/5.4.0/avr5\libgcc.a(_exit.o)
 .text.libgcc.prologue
                0x00000000        0x0 c:/users/adrie/programes/7.0/toolchain/avr8/avr8-gnu-toolchain/bin/../lib/gcc/avr/5.4.0/avr5\libgcc.a(_exit.o)
 .text.libgcc.builtins
                0x00000000        0x0 c:/users/adrie/programes/7.0/toolchain/avr8/avr8-gnu-toolchain/bin/../lib/gcc/avr/5.4.0/avr5\libgcc.a(_exit.o)
 .text.libgcc.fmul
                0x00000000        0x0 c:/users/adrie/programes/7.0/toolchain/avr8/avr8-gnu-toolchain/bin/../lib/gcc/avr/5.4.0/avr5\libgcc.a(_exit.o)
 .text.libgcc.fixed
                0x00000000        0x0 c:/users/adrie/programes/7.0/toolchain/avr8/avr8-gnu-toolchain/bin/../lib/gcc/avr/5.4.0/avr5\libgcc.a(_exit.o)
 .text          0x00000000        0x0 c:/users/adrie/programes/7.0/toolchain/avr8/avr8-gnu-toolchain/bin/../lib/gcc/avr/5.4.0/avr5\libgcc.a(_copy_data.o)
 .data          0x00000000        0x0 c:/users/adrie/programes/7.0/toolchain/avr8/avr8-gnu-toolchain/bin/../lib/gcc/avr/5.4.0/avr5\libgcc.a(_copy_data.o)
 .bss           0x00000000        0x0 c:/users/adrie/programes/7.0/toolchain/avr8/avr8-gnu-toolchain/bin/../lib/gcc/avr/5.4.0/avr5\libgcc.a(_copy_data.o)
 .text.libgcc.mul
                0x00000000        0x0 c:/users/adrie/programes/7.0/toolchain/avr8/avr8-gnu-toolchain/bin/../lib/gcc/avr/5.4.0/avr5\libgcc.a(_copy_data.o)
 .text.libgcc.div
                0x00000000        0x0 c:/users/adrie/programes/7.0/toolchain/avr8/avr8-gnu-toolchain/bin/../lib/gcc/avr/5.4.0/avr5\libgcc.a(_copy_data.o)
 .text.libgcc   0x00000000        0x0 c:/users/adrie/programes/7.0/toolchain/avr8/avr8-gnu-toolchain/bin/../lib/gcc/avr/5.4.0/avr5\libgcc.a(_copy_data.o)
 .text.libgcc.prologue
                0x00000000        0x0 c:/users/adrie/programes/7.0/toolchain/avr8/avr8-gnu-toolchain/bin/../lib/gcc/avr/5.4.0/avr5\libgcc.a(_copy_data.o)
 .text.libgcc.builtins
                0x00000000        0x0 c:/users/adrie/programes/7.0/toolchain/avr8/avr8-gnu-toolchain/bin/../lib/gcc/avr/5.4.0/avr5\libgcc.a(_copy_data.o)
 .text.libgcc.fmul
                0x00000000        0x0 c:/users/adrie/programes/7.0/toolchain/avr8/avr8-gnu-toolchain/bin/../lib/gcc/avr/5.4.0/avr5\libgcc.a(_copy_data.o)
 .text.libgcc.fixed
                0x00000000        0x0 c:/users/adrie/programes/7.0/toolchain/avr8/avr8-gnu-toolchain/bin/../lib/gcc/avr/5.4.0/avr5\libgcc.a(_copy_data.o)
 .text          0x00000000        0x0 c:/users/adrie/programes/7.0/toolchain/avr8/avr8-gnu-toolchain/bin/../lib/gcc/avr/5.4.0/avr5\libgcc.a(_clear_bss.o)
 .data          0x00000000        0x0 c:/users/adrie/programes/7.0/toolchain/avr8/avr8-gnu-toolchain/bin/../lib/gcc/avr/5.4.0/avr5\libgcc.a(_clear_bss.o)
 .bss           0x00000000        0x0 c:/users/adrie/programes/7.0/toolchain/avr8/avr8-gnu-toolchain/bin/../lib/gcc/avr/5.4.0/avr5\libgcc.a(_clear_bss.o)
 .text.libgcc.mul
                0x00000000        0x0 c:/users/adrie/programes/7.0/toolchain/avr8/avr8-gnu-toolchain/bin/../lib/gcc/avr/5.4.0/avr5\libgcc.a(_clear_bss.o)
 .text.libgcc.div
                0x00000000        0x0 c:/users/adrie/programes/7.0/toolchain/avr8/avr8-gnu-toolchain/bin/../lib/gcc/avr/5.4.0/avr5\libgcc.a(_clear_bss.o)
 .text.libgcc   0x00000000        0x0 c:/users/adrie/programes/7.0/toolchain/avr8/avr8-gnu-toolchain/bin/../lib/gcc/avr/5.4.0/avr5\libgcc.a(_clear_bss.o)
 .text.libgcc.prologue
                0x00000000        0x0 c:/users/adrie/programes/7.0/toolchain/avr8/avr8-gnu-toolchain/bin/../lib/gcc/avr/5.4.0/avr5\libgcc.a(_clear_bss.o)
 .text.libgcc.builtins
                0x00000000        0x0 c:/users/adrie/programes/7.0/toolchain/avr8/avr8-gnu-toolchain/bin/../lib/gcc/avr/5.4.0/avr5\libgcc.a(_clear_bss.o)
 .text.libgcc.fmul
                0x00000000        0x0 c:/users/adrie/programes/7.0/toolchain/avr8/avr8-gnu-toolchain/bin/../lib/gcc/avr/5.4.0/avr5\libgcc.a(_clear_bss.o)
 .text.libgcc.fixed
                0x00000000        0x0 c:/users/adrie/programes/7.0/toolchain/avr8/avr8-gnu-toolchain/bin/../lib/gcc/avr/5.4.0/avr5\libgcc.a(_clear_bss.o)

Memory Configuration

Name             Origin             Length             Attributes
text             0x00000000         0x00008000         xr
data             0x00800100         0x00000800         rw !x
eeprom           0x00810000         0x00000400         rw !x
fuse             0x00820000         0x00000003         rw !x
lock             0x00830000         0x00000400         rw !x
signature        0x00840000         0x00000400         rw !x
user_signatures  0x00850000         0x00000400         rw !x
*default*        0x00000000         0xffffffff

Linker script and memory map

Address of section .data set to 0x800100
LOAD C:/Users/adrie/Programes/7.0/Packs/atmel/ATmega_DFP/1.7.374/gcc/dev/atmega328pb/avr5/crtatmega328pb.o
LOAD drivers/src/d1.o
LOAD drivers/src/hardware_config.o
LOAD drivers/src/calc_moviment.o
LOAD drivers/src/moviment.o
LOAD drivers/src/punts.o
LOAD drivers/src/q2.o
LOAD drivers/src/q3.o
LOAD drivers/src/USART.o
LOAD main.o
START GROUP
LOAD c:/users/adrie/programes/7.0/toolchain/avr8/avr8-gnu-toolchain/bin/../lib/gcc/avr/5.4.0/../../../../avr/lib/avr5\libm.a
END GROUP
START GROUP
LOAD c:/users/adrie/programes/7.0/toolchain/avr8/avr8-gnu-toolchain/bin/../lib/gcc/avr/5.4.0/avr5\libgcc.a
LOAD c:/users/adrie/programes/7.0/toolchain/avr8/avr8-gnu-toolchain/bin/../lib/gcc/avr/5.4.0/../../../../avr/lib/avr5\libm.a
LOAD c:/users/adrie/programes/7.0/toolchain/avr8/avr8-gnu-toolchain/bin/../lib/gcc/avr/5.4.0/../../../../avr/lib/avr5\libc.a
LOAD C:/Users/adrie/Programes/7.0/Packs/atmel/ATmega_DFP/1.7.374/gcc/dev/atmega328pb/avr5\libatmega328pb.a
END GROUP
                [0x00000000]                __TEXT_REGION_ORIGIN__ = DEFINED (__TEXT_REGION_ORIGIN__)?__TEXT_REGION_ORIGIN__:0x0
                [0x00800100]                __DATA_REGION_ORIGIN__ = DEFINED (__DATA_REGION_ORIGIN__)?__DATA_REGION_ORIGIN__:0x800060
                [0x00008000]                __TEXT_REGION_LENGTH__ = DEFINED (__TEXT_REGION_LENGTH__)?__TEXT_REGION_LENGTH__:0x20000
                [0x00000800]                __DATA_REGION_LENGTH__ = DEFINED (__DATA_REGION_LENGTH__)?__DATA_REGION_LENGTH__:0xffa0
                [0x00000400]                __EEPROM_REGION_LENGTH__ = DEFINED (__EEPROM_REGION_LENGTH__)?__EEPROM_REGION_LENGTH__:0x10000
                [0x00000003]                __FUSE_REGION_LENGTH__ = DEFINED (__FUSE_REGION_LENGTH__)?__FUSE_REGION_LENGTH__:0x400
                0x00000400                __LOCK_REGION_LENGTH__ = DEFINED (__LOCK_REGION_LENGTH__)?__LOCK_REGION_LENGTH__:0x400
                0x00000400                __SIGNATURE_REGION_LENGTH__ = DEFINED (__SIGNATURE_REGION_LENGTH__)?__SIGNATURE_REGION_LENGTH__:0x400
                0x00000400                __USER_SIGNATURE_REGION_LENGTH__ = DEFINED (__USER_SIGNATURE_REGION_LENGTH__)?__USER_SIGNATURE_REGION_LENGTH__:0x400

.hash
 *(.hash)

.dynsym
 *(.dynsym)

.dynstr
 *(.dynstr)

.gnu.version
 *(.gnu.version)

.gnu.version_d
 *(.gnu.version_d)

.gnu.version_r
 *(.gnu.version_r)

.rel.init
 *(.rel.init)

.rela.init
 *(.rela.init)

.rel.text
 *(.rel.text)
 *(.rel.text.*)
 *(.rel.gnu.linkonce.t*)

.rela.text
 *(.rela.text)
 *(.rela.text.*)
 *(.rela.gnu.linkonce.t*)

.rel.fini
 *(.rel.fini)

.rela.fini
 *(.rela.fini)

.rel.rodata
 *(.rel.rodata)
 *(.rel.rodata.*)
 *(.rel.gnu.linkonce.r*)

.rela.rodata
 *(.rela.rodata)
 *(.rela.rodata.*)
 *(.rela.gnu.linkonce.r*)

.rel.data
 *(.rel.data)
 *(.rel.data.*)
 *(.rel.gnu.linkonce.d*)

.rela.data
 *(.rela.data)
 *(.rela.data.*)
 *(.rela.gnu.linkonce.d*)

.rel.ctors
 *(.rel.ctors)

.rela.ctors
 *(.rela.ctors)

.rel.dtors
 *(.rel.dtors)

.rela.dtors
 *(.rela.dtors)

.rel.got
 *(.rel.got)

.rela.got
 *(.rela.got)

.rel.bss
 *(.rel.bss)

.rela.bss
 *(.rela.bss)

.rel.plt
 *(.rel.plt)

.rela.plt
 *(.rela.plt)

.text           0x00000000     0x2bca
 *(.vectors)
 .vectors       0x00000000       0xb4 C:/Users/adrie/Programes/7.0/Packs/atmel/ATmega_DFP/1.7.374/gcc/dev/atmega328pb/avr5/crtatmega328pb.o
                0x00000000                __vector_default
                0x00000000                __vectors
 *(.vectors)
 *(.progmem.gcc*)
 .progmem.gcc_fplib
                0x000000b4       0x2d c:/users/adrie/programes/7.0/toolchain/avr8/avr8-gnu-toolchain/bin/../lib/gcc/avr/5.4.0/../../../../avr/lib/avr5\libm.a(atan.o)
                0x000000e2                . = ALIGN (0x2)
 *fill*         0x000000e1        0x1 
                0x000000e2                __trampolines_start = .
 *(.trampolines)
 .trampolines   0x000000e2        0x0 linker stubs
 *(.trampolines*)
                0x000000e2                __trampolines_end = .
 *libprintf_flt.a:*(.progmem.data)
 *libc.a:*(.progmem.data)
 *(.progmem*)
                0x000000e2                . = ALIGN (0x2)
 *(.jumptables)
 *(.jumptables*)
 *(.lowtext)
 *(.lowtext*)
                0x000000e2                __ctors_start = .
 *(.ctors)
                0x000000e2                __ctors_end = .
                0x000000e2                __dtors_start = .
 *(.dtors)
                0x000000e2                __dtors_end = .
 SORT(*)(.ctors)
 SORT(*)(.dtors)
 *(.init0)
 .init0         0x000000e2        0x0 C:/Users/adrie/Programes/7.0/Packs/atmel/ATmega_DFP/1.7.374/gcc/dev/atmega328pb/avr5/crtatmega328pb.o
                0x000000e2                __init
 *(.init0)
 *(.init1)
 *(.init1)
 *(.init2)
 .init2         0x000000e2        0xc C:/Users/adrie/Programes/7.0/Packs/atmel/ATmega_DFP/1.7.374/gcc/dev/atmega328pb/avr5/crtatmega328pb.o
 *(.init2)
 *(.init3)
 *(.init3)
 *(.init4)
 .init4         0x000000ee       0x16 c:/users/adrie/programes/7.0/toolchain/avr8/avr8-gnu-toolchain/bin/../lib/gcc/avr/5.4.0/avr5\libgcc.a(_copy_data.o)
                0x000000ee                __do_copy_data
 .init4         0x00000104       0x10 c:/users/adrie/programes/7.0/toolchain/avr8/avr8-gnu-toolchain/bin/../lib/gcc/avr/5.4.0/avr5\libgcc.a(_clear_bss.o)
                0x00000104                __do_clear_bss
 *(.init4)
 *(.init5)
 *(.init5)
 *(.init6)
 *(.init6)
 *(.init7)
 *(.init7)
 *(.init8)
 *(.init8)
 *(.init9)
 .init9         0x00000114        0x8 C:/Users/adrie/Programes/7.0/Packs/atmel/ATmega_DFP/1.7.374/gcc/dev/atmega328pb/avr5/crtatmega328pb.o
 *(.init9)
 *(.text)
 .text          0x0000011c        0x4 C:/Users/adrie/Programes/7.0/Packs/atmel/ATmega_DFP/1.7.374/gcc/dev/atmega328pb/avr5/crtatmega328pb.o
                0x0000011c                __vector_38
                0x0000011c                __vector_22
                0x0000011c                __vector_28
                0x0000011c                __vector_1
                0x0000011c                __vector_32
                0x0000011c                __vector_34
                0x0000011c                __vector_24
                0x0000011c                __vector_12
                0x0000011c                __bad_interrupt
                0x0000011c                __vector_6
                0x0000011c                __vector_31
                0x0000011c                __vector_35
                0x0000011c                __vector_39
                0x0000011c                __vector_3
                0x0000011c                __vector_23
                0x0000011c                __vector_30
                0x0000011c                __vector_25
                0x0000011c                __vector_13
                0x0000011c                __vector_17
                0x0000011c                __vector_19
                0x0000011c                __vector_7
                0x0000011c                __vector_41
                0x0000011c                __vector_43
                0x0000011c                __vector_5
                0x0000011c                __vector_37
                0x0000011c                __vector_4
                0x0000011c                __vector_44
                0x0000011c                __vector_9
                0x0000011c                __vector_2
                0x0000011c                __vector_21
                0x0000011c                __vector_15
                0x0000011c                __vector_36
                0x0000011c                __vector_29
                0x0000011c                __vector_40
                0x0000011c                __vector_8
                0x0000011c                __vector_26
                0x0000011c                __vector_14
                0x0000011c                __vector_10
                0x0000011c                __vector_16
                0x0000011c                __vector_18
                0x0000011c                __vector_20
                0x00000120                . = ALIGN (0x2)
 *(.text.*)
 .text.__vector_42
                0x00000120       0xe2 drivers/src/d1.o
                0x00000120                __vector_42
 .text.homing_d1
                0x00000202      0x168 drivers/src/d1.o
                0x00000202                homing_d1
 .text.mou_d1   0x0000036a      0x122 drivers/src/d1.o
                0x0000036a                mou_d1
 .text.setup_driver_q2
                0x0000048c      0x11a drivers/src/hardware_config.o
                0x0000048c                setup_driver_q2
 .text.setup_driver_q3
                0x000005a6      0x11a drivers/src/hardware_config.o
                0x000005a6                setup_driver_q3
 .text.setup_driver_d1
                0x000006c0      0x12c drivers/src/hardware_config.o
                0x000006c0                setup_driver_d1
 .text.calcula_pasos_q2
                0x000007ec       0x5a drivers/src/calc_moviment.o
                0x000007ec                calcula_pasos_q2
 .text.calcula_pasos_q3
                0x00000846       0x5a drivers/src/calc_moviment.o
                0x00000846                calcula_pasos_q3
 .text.calcula_pasos_d1
                0x000008a0       0x5a drivers/src/calc_moviment.o
                0x000008a0                calcula_pasos_d1
 .text.calcula_passos_moviments_q2
                0x000008fa       0xf4 drivers/src/calc_moviment.o
                0x000008fa                calcula_passos_moviments_q2
 .text.calcula_passos_moviments_q3
                0x000009ee       0xf4 drivers/src/calc_moviment.o
                0x000009ee                calcula_passos_moviments_q3
 .text.calcula_passos_moviments_d1
                0x00000ae2       0xf4 drivers/src/calc_moviment.o
                0x00000ae2                calcula_passos_moviments_d1
 .text.c_inversa
                0x00000bd6      0x570 drivers/src/calc_moviment.o
                0x00000bd6                c_inversa
 .text.genera_graus
                0x00001146      0x9b8 drivers/src/calc_moviment.o
                0x00001146                genera_graus
 .text.moviment
                0x00001afe       0x94 drivers/src/moviment.o
                0x00001afe                moviment
 .text.__vector_11
                0x00001b92       0xe4 drivers/src/q2.o
                0x00001b92                __vector_11
 .text.homing_q2
                0x00001c76      0x15a drivers/src/q2.o
                0x00001c76                homing_q2
 .text.mou_q2   0x00001dd0      0x122 drivers/src/q2.o
                0x00001dd0                mou_q2
 .text.__vector_33
                0x00001ef2       0xe2 drivers/src/q3.o
                0x00001ef2                __vector_33
 .text.__vector_27
                0x00001fd4       0xae drivers/src/q3.o
                0x00001fd4                __vector_27
 .text.homing_q3
                0x00002082      0x16c drivers/src/q3.o
                0x00002082                homing_q3
 .text.mou_q3   0x000021ee      0x126 drivers/src/q3.o
                0x000021ee                mou_q3
 .text.usart1_init
                0x00002314       0x36 drivers/src/USART.o
                0x00002314                usart1_init
 .text.usart1_lligc
                0x0000234a       0x24 drivers/src/USART.o
                0x0000234a                usart1_lligc
 .text.usart1_enviac
                0x0000236e       0x36 drivers/src/USART.o
                0x0000236e                usart1_enviac
 .text.usart1_envias
                0x000023a4       0x50 drivers/src/USART.o
                0x000023a4                usart1_envias
 .text.uart1_lligs
                0x000023f4       0x8e drivers/src/USART.o
                0x000023f4                uart1_lligs
 .text.main     0x00002482       0xc6 main.o
                0x00002482                main
 .text.avr-libc.fplib
                0x00002548        0xe c:/users/adrie/programes/7.0/toolchain/avr8/avr8-gnu-toolchain/bin/../lib/gcc/avr/5.4.0/../../../../avr/lib/avr5\libm.a(addsf3.o)
                0x00002548                __subsf3
                0x0000254a                __addsf3
 .text.avr-libc.fplib
                0x00002556       0xcc c:/users/adrie/programes/7.0/toolchain/avr8/avr8-gnu-toolchain/bin/../lib/gcc/avr/5.4.0/../../../../avr/lib/avr5\libm.a(addsf3x.o)
                0x00002578                __addsf3x
 .text.avr-libc.fplib
                0x00002622       0x86 c:/users/adrie/programes/7.0/toolchain/avr8/avr8-gnu-toolchain/bin/../lib/gcc/avr/5.4.0/../../../../avr/lib/avr5\libm.a(atan2.o)
                0x00002648                atan2
 .text.avr-libc.fplib
                0x000026a8       0x5e c:/users/adrie/programes/7.0/toolchain/avr8/avr8-gnu-toolchain/bin/../lib/gcc/avr/5.4.0/../../../../avr/lib/avr5\libm.a(atan.o)
                0x000026a8                atan
 .text.avr-libc.fplib
                0x00002706        0xa c:/users/adrie/programes/7.0/toolchain/avr8/avr8-gnu-toolchain/bin/../lib/gcc/avr/5.4.0/../../../../avr/lib/avr5\libm.a(cmpsf2.o)
                0x00002706                __nesf2
                0x00002706                __eqsf2
                0x00002706                __cmpsf2
                0x00002706                __ltsf2
                0x00002706                __lesf2
 .text.avr-libc.fplib
                0x00002710        0x8 c:/users/adrie/programes/7.0/toolchain/avr8/avr8-gnu-toolchain/bin/../lib/gcc/avr/5.4.0/../../../../avr/lib/avr5\libm.a(divsf3.o)
                0x00002710                __divsf3
 .text.avr-libc.fplib
                0x00002718       0xdc c:/users/adrie/programes/7.0/toolchain/avr8/avr8-gnu-toolchain/bin/../lib/gcc/avr/5.4.0/../../../../avr/lib/avr5\libm.a(divsf3x.o)
                0x00002738                __divsf3x
                0x0000273e                __divsf3_pse
 .text.avr-libc.fplib
                0x000027f4        0xe c:/users/adrie/programes/7.0/toolchain/avr8/avr8-gnu-toolchain/bin/../lib/gcc/avr/5.4.0/../../../../avr/lib/avr5\libm.a(fixsfsi.o)
                0x000027f4                __fixsfsi
 .text.avr-libc.fplib
                0x00002802       0x5e c:/users/adrie/programes/7.0/toolchain/avr8/avr8-gnu-toolchain/bin/../lib/gcc/avr/5.4.0/../../../../avr/lib/avr5\libm.a(fixunssfsi.o)
                0x00002802                __fixunssfsi
 .text.avr-libc.fplib
                0x00002860       0x3e c:/users/adrie/programes/7.0/toolchain/avr8/avr8-gnu-toolchain/bin/../lib/gcc/avr/5.4.0/../../../../avr/lib/avr5\libm.a(fmax.o)
                0x00002860                fmax
 .text.avr-libc.fplib
                0x0000289e       0x3e c:/users/adrie/programes/7.0/toolchain/avr8/avr8-gnu-toolchain/bin/../lib/gcc/avr/5.4.0/../../../../avr/lib/avr5\libm.a(fmin.o)
                0x0000289e                fmin
 .text.avr-libc.fplib
                0x000028dc       0x48 c:/users/adrie/programes/7.0/toolchain/avr8/avr8-gnu-toolchain/bin/../lib/gcc/avr/5.4.0/../../../../avr/lib/avr5\libm.a(fp_cmp.o)
                0x000028dc                __fp_cmp
 .text.avr-libc.fplib
                0x00002924        0xc c:/users/adrie/programes/7.0/toolchain/avr8/avr8-gnu-toolchain/bin/../lib/gcc/avr/5.4.0/../../../../avr/lib/avr5\libm.a(fp_inf.o)
                0x00002924                __fp_inf
 .text.avr-libc.fplib
                0x00002930        0x6 c:/users/adrie/programes/7.0/toolchain/avr8/avr8-gnu-toolchain/bin/../lib/gcc/avr/5.4.0/../../../../avr/lib/avr5\libm.a(fp_nan.o)
                0x00002930                __fp_nan
 .text.avr-libc.fplib
                0x00002936       0x4e c:/users/adrie/programes/7.0/toolchain/avr8/avr8-gnu-toolchain/bin/../lib/gcc/avr/5.4.0/../../../../avr/lib/avr5\libm.a(fp_powser.o)
                0x00002936                __fp_powser
 .text.avr-libc.fplib
                0x00002984        0xe c:/users/adrie/programes/7.0/toolchain/avr8/avr8-gnu-toolchain/bin/../lib/gcc/avr/5.4.0/../../../../avr/lib/avr5\libm.a(fp_pscA.o)
                0x00002984                __fp_pscA
 .text.avr-libc.fplib
                0x00002992        0xe c:/users/adrie/programes/7.0/toolchain/avr8/avr8-gnu-toolchain/bin/../lib/gcc/avr/5.4.0/../../../../avr/lib/avr5\libm.a(fp_pscB.o)
                0x00002992                __fp_pscB
 .text.avr-libc.fplib
                0x000029a0       0x22 c:/users/adrie/programes/7.0/toolchain/avr8/avr8-gnu-toolchain/bin/../lib/gcc/avr/5.4.0/../../../../avr/lib/avr5\libm.a(fp_round.o)
                0x000029a0                __fp_round
 .text.avr-libc.fplib
                0x000029c2       0x44 c:/users/adrie/programes/7.0/toolchain/avr8/avr8-gnu-toolchain/bin/../lib/gcc/avr/5.4.0/../../../../avr/lib/avr5\libm.a(fp_split3.o)
                0x000029c2                __fp_split3
                0x000029d2                __fp_splitA
 .text.avr-libc.fplib
                0x00002a06        0xe c:/users/adrie/programes/7.0/toolchain/avr8/avr8-gnu-toolchain/bin/../lib/gcc/avr/5.4.0/../../../../avr/lib/avr5\libm.a(fp_zero.o)
                0x00002a06                __fp_zero
                0x00002a08                __fp_szero
 .text.avr-libc.fplib
                0x00002a14        0xa c:/users/adrie/programes/7.0/toolchain/avr8/avr8-gnu-toolchain/bin/../lib/gcc/avr/5.4.0/../../../../avr/lib/avr5\libm.a(gesf2.o)
                0x00002a14                __gesf2
                0x00002a14                __gtsf2
 .text.avr-libc.fplib
                0x00002a1e       0x10 c:/users/adrie/programes/7.0/toolchain/avr8/avr8-gnu-toolchain/bin/../lib/gcc/avr/5.4.0/../../../../avr/lib/avr5\libm.a(inverse.o)
                0x00002a1e                inverse
 .text.avr-libc.fplib
                0x00002a2e        0x8 c:/users/adrie/programes/7.0/toolchain/avr8/avr8-gnu-toolchain/bin/../lib/gcc/avr/5.4.0/../../../../avr/lib/avr5\libm.a(mulsf3.o)
                0x00002a2e                __mulsf3
 .text.avr-libc.fplib
                0x00002a36       0xd2 c:/users/adrie/programes/7.0/toolchain/avr8/avr8-gnu-toolchain/bin/../lib/gcc/avr/5.4.0/../../../../avr/lib/avr5\libm.a(mulsf3x.o)
                0x00002a54                __mulsf3x
                0x00002a5a                __mulsf3_pse
 .text.avr-libc.fplib
                0x00002b08       0x8c c:/users/adrie/programes/7.0/toolchain/avr8/avr8-gnu-toolchain/bin/../lib/gcc/avr/5.4.0/../../../../avr/lib/avr5\libm.a(sqrt.o)
                0x00002b14                sqrtf
                0x00002b14                sqrt
 .text.avr-libc.fplib
                0x00002b94        0x8 c:/users/adrie/programes/7.0/toolchain/avr8/avr8-gnu-toolchain/bin/../lib/gcc/avr/5.4.0/../../../../avr/lib/avr5\libm.a(square.o)
                0x00002b94                square
 .text.avr-libc.fplib
                0x00002b9c       0x1c c:/users/adrie/programes/7.0/toolchain/avr8/avr8-gnu-toolchain/bin/../lib/gcc/avr/5.4.0/../../../../avr/lib/avr5\libm.a(fp_mpack.o)
                0x00002b9c                __fp_mpack
                0x00002ba0                __fp_mpack_finite
 .text.avr-libc.fplib
                0x00002bb8        0xe c:/users/adrie/programes/7.0/toolchain/avr8/avr8-gnu-toolchain/bin/../lib/gcc/avr/5.4.0/../../../../avr/lib/avr5\libm.a(fp_norm2.o)
                0x00002bb8                __fp_norm2
                0x00002bc6                . = ALIGN (0x2)
 *(.fini9)
 .fini9         0x00002bc6        0x0 c:/users/adrie/programes/7.0/toolchain/avr8/avr8-gnu-toolchain/bin/../lib/gcc/avr/5.4.0/avr5\libgcc.a(_exit.o)
                0x00002bc6                _exit
                0x00002bc6                exit
 *(.fini9)
 *(.fini8)
 *(.fini8)
 *(.fini7)
 *(.fini7)
 *(.fini6)
 *(.fini6)
 *(.fini5)
 *(.fini5)
 *(.fini4)
 *(.fini4)
 *(.fini3)
 *(.fini3)
 *(.fini2)
 *(.fini2)
 *(.fini1)
 *(.fini1)
 *(.fini0)
 .fini0         0x00002bc6        0x4 c:/users/adrie/programes/7.0/toolchain/avr8/avr8-gnu-toolchain/bin/../lib/gcc/avr/5.4.0/avr5\libgcc.a(_exit.o)
 *(.fini0)
                0x00002bca                _etext = .

.data           0x00800100      0x1f8 load address 0x00002bca
                0x00800100                PROVIDE (__data_start, .)
 *(.data)
 *(.data*)
 .data.HM_D1    0x00800100        0x1 drivers/src/d1.o
                0x00800100                HM_D1
 .data.coordenades
                0x00800101       0xf0 drivers/src/punts.o
                0x00800101                coordenades
 .data.HM_Q2    0x008001f1        0x1 drivers/src/q2.o
                0x008001f1                HM_Q2
 .data.HM_Q3    0x008001f2        0x1 drivers/src/q3.o
                0x008001f2                HM_Q3
 *(.gnu.linkonce.d*)
 *(.rodata)
 .rodata        0x008001f3       0x17 drivers/src/calc_moviment.o
 .rodata        0x0080020a        0xb drivers/src/moviment.o
 .rodata        0x00800215       0xe2 main.o
 *(.rodata*)
 *(.gnu.linkonce.r*)
                0x008002f8                . = ALIGN (0x2)
 *fill*         0x008002f7        0x1 
                0x008002f8                _edata = .
                0x008002f8                PROVIDE (__data_end, .)

.bss            0x008002f8      0x3da
                0x008002f8                PROVIDE (__bss_start, .)
 *(.bss)
 *(.bss*)
 .bss.step_count_d1
                0x008002f8        0x2 drivers/src/d1.o
                0x008002f8                step_count_d1
 .bss.MOV_D1    0x008002fa        0x1 drivers/src/d1.o
                0x008002fa                MOV_D1
 .bss.ACABAT_D1
                0x008002fb        0x1 drivers/src/d1.o
                0x008002fb                ACABAT_D1
 .bss.mov_acabat_d1
                0x008002fc        0x1 drivers/src/d1.o
                0x008002fc                mov_acabat_d1
 .bss.mov_index
                0x008002fd        0x1 drivers/src/moviment.o
                0x008002fd                mov_index
 .bss.llista_q2
                0x008002fe      0x118 drivers/src/punts.o
                0x008002fe                llista_q2
 .bss.llista_q3
                0x00800416      0x118 drivers/src/punts.o
                0x00800416                llista_q3
 .bss.llista_d1
                0x0080052e      0x118 drivers/src/punts.o
                0x0080052e                llista_d1
 .bss.step_count_q2
                0x00800646        0x2 drivers/src/q2.o
                0x00800646                step_count_q2
 .bss.MOV_Q2    0x00800648        0x1 drivers/src/q2.o
                0x00800648                MOV_Q2
 .bss.ACABAT_Q2
                0x00800649        0x1 drivers/src/q2.o
                0x00800649                ACABAT_Q2
 .bss.mov_acabat_q2
                0x0080064a        0x1 drivers/src/q2.o
                0x0080064a                mov_acabat_q2
 .bss.step_count_q3
                0x0080064b        0x2 drivers/src/q3.o
                0x0080064b                step_count_q3
 .bss.mov_index_q3
                0x0080064d        0x1 drivers/src/q3.o
                0x0080064d                mov_index_q3
 .bss.MOV_Q3    0x0080064e        0x1 drivers/src/q3.o
                0x0080064e                MOV_Q3
 .bss.ACABAT_Q3
                0x0080064f        0x1 drivers/src/q3.o
                0x0080064f                ACABAT_Q3
 .bss.mov_acabat_q3
                0x00800650        0x1 drivers/src/q3.o
                0x00800650                mov_acabat_q3
 *(COMMON)
 COMMON         0x00800651       0x81 main.o
                0x00800651                buffer
                0x008006d1                max_moves
                0x008006d2                PROVIDE (__bss_end, .)
                0x00002bca                __data_load_start = LOADADDR (.data)
                0x00002dc2                __data_load_end = (__data_load_start + SIZEOF (.data))

.noinit         0x008006d2        0x0
                [!provide]                PROVIDE (__noinit_start, .)
 *(.noinit*)
                [!provide]                PROVIDE (__noinit_end, .)
                0x008006d2                _end = .
                [!provide]                PROVIDE (__heap_start, .)

.eeprom         0x00810000        0x0
 *(.eeprom*)
                0x00810000                __eeprom_end = .

.fuse
 *(.fuse)
 *(.lfuse)
 *(.hfuse)
 *(.efuse)

.lock
 *(.lock*)

.signature
 *(.signature*)

.user_signatures
 *(.user_signatures*)

.stab
 *(.stab)

.stabstr
 *(.stabstr)

.stab.excl
 *(.stab.excl)

.stab.exclstr
 *(.stab.exclstr)

.stab.index
 *(.stab.index)

.stab.indexstr
 *(.stab.indexstr)

.comment        0x00000000       0x30
 *(.comment)
 .comment       0x00000000       0x30 drivers/src/d1.o
                                 0x31 (size before relaxing)
 .comment       0x00000030       0x31 drivers/src/hardware_config.o
 .comment       0x00000030       0x31 drivers/src/calc_moviment.o
 .comment       0x00000030       0x31 drivers/src/moviment.o
 .comment       0x00000030       0x31 drivers/src/punts.o
 .comment       0x00000030       0x31 drivers/src/q2.o
 .comment       0x00000030       0x31 drivers/src/q3.o
 .comment       0x00000030       0x31 drivers/src/USART.o
 .comment       0x00000030       0x31 main.o

.note.gnu.avr.deviceinfo
                0x00000000       0x40
 .note.gnu.avr.deviceinfo
                0x00000000       0x40 C:/Users/adrie/Programes/7.0/Packs/atmel/ATmega_DFP/1.7.374/gcc/dev/atmega328pb/avr5/crtatmega328pb.o

.note.gnu.build-id
 *(.note.gnu.build-id)

.debug
 *(.debug)

.line
 *(.line)

.debug_srcinfo
 *(.debug_srcinfo)

.debug_sfnames
 *(.debug_sfnames)

.debug_aranges  0x00000000      0x1b8
 *(.debug_aranges)
 .debug_aranges
                0x00000000       0x30 drivers/src/d1.o
 .debug_aranges
                0x00000030       0x30 drivers/src/hardware_config.o
 .debug_aranges
                0x00000060       0x58 drivers/src/calc_moviment.o
 .debug_aranges
                0x000000b8       0x20 drivers/src/moviment.o
 .debug_aranges
                0x000000d8       0x18 drivers/src/punts.o
 .debug_aranges
                0x000000f0       0x30 drivers/src/q2.o
 .debug_aranges
                0x00000120       0x38 drivers/src/q3.o
 .debug_aranges
                0x00000158       0x40 drivers/src/USART.o
 .debug_aranges
                0x00000198       0x20 main.o

.debug_pubnames
 *(.debug_pubnames)

.debug_info     0x00000000     0x197d
 *(.debug_info .gnu.linkonce.wi.*)
 .debug_info    0x00000000      0x8ea C:/Users/adrie/Programes/7.0/Packs/atmel/ATmega_DFP/1.7.374/gcc/dev/atmega328pb/avr5/crtatmega328pb.o
 .debug_info    0x000008ea      0x1cc drivers/src/d1.o
 .debug_info    0x00000ab6       0xbe drivers/src/hardware_config.o
 .debug_info    0x00000b74      0x4c6 drivers/src/calc_moviment.o
 .debug_info    0x0000103a       0xf9 drivers/src/moviment.o
 .debug_info    0x00001133      0x15b drivers/src/punts.o
 .debug_info    0x0000128e      0x1ba drivers/src/q2.o
 .debug_info    0x00001448      0x216 drivers/src/q3.o
 .debug_info    0x0000165e      0x164 drivers/src/USART.o
 .debug_info    0x000017c2      0x1bb main.o

.debug_abbrev   0x00000000      0xea6
 *(.debug_abbrev)
 .debug_abbrev  0x00000000      0x86e C:/Users/adrie/Programes/7.0/Packs/atmel/ATmega_DFP/1.7.374/gcc/dev/atmega328pb/avr5/crtatmega328pb.o
 .debug_abbrev  0x0000086e       0xb6 drivers/src/d1.o
 .debug_abbrev  0x00000924       0x54 drivers/src/hardware_config.o
 .debug_abbrev  0x00000978      0x103 drivers/src/calc_moviment.o
 .debug_abbrev  0x00000a7b       0x7d drivers/src/moviment.o
 .debug_abbrev  0x00000af8       0x84 drivers/src/punts.o
 .debug_abbrev  0x00000b7c       0xb6 drivers/src/q2.o
 .debug_abbrev  0x00000c32       0xb6 drivers/src/q3.o
 .debug_abbrev  0x00000ce8      0x104 drivers/src/USART.o
 .debug_abbrev  0x00000dec       0xba main.o

.debug_line     0x00000000     0x22de
 *(.debug_line .debug_line.* .debug_line_end)
 .debug_line    0x00000000      0x1a6 C:/Users/adrie/Programes/7.0/Packs/atmel/ATmega_DFP/1.7.374/gcc/dev/atmega328pb/avr5/crtatmega328pb.o
 .debug_line    0x000001a6      0x400 drivers/src/d1.o
 .debug_line    0x000005a6      0x3b1 drivers/src/hardware_config.o
 .debug_line    0x00000957      0x664 drivers/src/calc_moviment.o
 .debug_line    0x00000fbb      0x2d4 drivers/src/moviment.o
 .debug_line    0x0000128f      0x140 drivers/src/punts.o
 .debug_line    0x000013cf      0x408 drivers/src/q2.o
 .debug_line    0x000017d7      0x47c drivers/src/q3.o
 .debug_line    0x00001c53      0x32d drivers/src/USART.o
 .debug_line    0x00001f80      0x35e main.o

.debug_frame    0x00000000      0x584
 *(.debug_frame)
 .debug_frame   0x00000000       0xb8 drivers/src/d1.o
 .debug_frame   0x000000b8       0x74 drivers/src/hardware_config.o
 .debug_frame   0x0000012c      0x188 drivers/src/calc_moviment.o
 .debug_frame   0x000002b4       0x34 drivers/src/moviment.o
 .debug_frame   0x000002e8       0xb8 drivers/src/q2.o
 .debug_frame   0x000003a0       0xf4 drivers/src/q3.o
 .debug_frame   0x00000494       0xb4 drivers/src/USART.o
 .debug_frame   0x00000548       0x3c main.o

.debug_str      0x00000000     0x85a5
 *(.debug_str)
 .debug_str     0x00000000      0x318 C:/Users/adrie/Programes/7.0/Packs/atmel/ATmega_DFP/1.7.374/gcc/dev/atmega328pb/avr5/crtatmega328pb.o
 .debug_str     0x00000318     0x7e90 drivers/src/d1.o
                               0x7fa4 (size before relaxing)
 .debug_str     0x000081a8       0x51 drivers/src/hardware_config.o
                               0x74dc (size before relaxing)
 .debug_str     0x000081f9      0x1ed drivers/src/calc_moviment.o
                               0x80f2 (size before relaxing)
 .debug_str     0x000083e6       0x65 drivers/src/moviment.o
                               0x712e (size before relaxing)
 .debug_str     0x0000844b       0x2c drivers/src/punts.o
                               0x3ef2 (size before relaxing)
 .debug_str     0x00008477       0x4f drivers/src/q2.o
                               0x7f9f (size before relaxing)
 .debug_str     0x000084c6       0x68 drivers/src/q3.o
                               0x7fd8 (size before relaxing)
 .debug_str     0x0000852e       0x5f drivers/src/USART.o
                               0x70fb (size before relaxing)
 .debug_str     0x0000858d       0x18 main.o
                               0x7fcc (size before relaxing)

.debug_loc      0x00000000      0xaa9
 *(.debug_loc)
 .debug_loc     0x00000000      0x167 drivers/src/d1.o
 .debug_loc     0x00000167       0xb1 drivers/src/hardware_config.o
 .debug_loc     0x00000218      0x35d drivers/src/calc_moviment.o
 .debug_loc     0x00000575       0x3b drivers/src/moviment.o
 .debug_loc     0x000005b0      0x167 drivers/src/q2.o
 .debug_loc     0x00000717      0x1f0 drivers/src/q3.o
 .debug_loc     0x00000907      0x14d drivers/src/USART.o
 .debug_loc     0x00000a54       0x55 main.o

.debug_macinfo
 *(.debug_macinfo)

.debug_weaknames
 *(.debug_weaknames)

.debug_funcnames
 *(.debug_funcnames)

.debug_typenames
 *(.debug_typenames)

.debug_varnames
 *(.debug_varnames)

.debug_pubtypes
 *(.debug_pubtypes)

.debug_ranges   0x00000000      0x120
 *(.debug_ranges)
 .debug_ranges  0x00000000       0x20 drivers/src/d1.o
 .debug_ranges  0x00000020       0x20 drivers/src/hardware_config.o
 .debug_ranges  0x00000040       0x48 drivers/src/calc_moviment.o
 .debug_ranges  0x00000088       0x10 drivers/src/moviment.o
 .debug_ranges  0x00000098       0x20 drivers/src/q2.o
 .debug_ranges  0x000000b8       0x28 drivers/src/q3.o
 .debug_ranges  0x000000e0       0x30 drivers/src/USART.o
 .debug_ranges  0x00000110       0x10 main.o

.debug_macro    0x00000000     0x37ba
 *(.debug_macro)
 .debug_macro   0x00000000      0x10d drivers/src/d1.o
 .debug_macro   0x0000010d      0xa4e drivers/src/d1.o
 .debug_macro   0x00000b5b       0x10 drivers/src/d1.o
 .debug_macro   0x00000b6b      0x1c9 drivers/src/d1.o
 .debug_macro   0x00000d34      0x2fc drivers/src/d1.o
 .debug_macro   0x00001030       0x9e drivers/src/d1.o
 .debug_macro   0x000010ce       0x19 drivers/src/d1.o
 .debug_macro   0x000010e7     0x1597 drivers/src/d1.o
 .debug_macro   0x0000267e      0x156 drivers/src/d1.o
 .debug_macro   0x000027d4       0xbd drivers/src/d1.o
 .debug_macro   0x00002891       0x34 drivers/src/d1.o
 .debug_macro   0x000028c5       0x18 drivers/src/d1.o
 .debug_macro   0x000028dd       0x6c drivers/src/d1.o
 .debug_macro   0x00002949       0x69 drivers/src/d1.o
 .debug_macro   0x000029b2       0x76 drivers/src/d1.o
 .debug_macro   0x00002a28       0x58 drivers/src/d1.o
 .debug_macro   0x00002a80       0x10 drivers/src/d1.o
 .debug_macro   0x00002a90       0x97 drivers/src/d1.o
 .debug_macro   0x00002b27       0xf2 drivers/src/d1.o
 .debug_macro   0x00002c19       0x22 drivers/src/d1.o
 .debug_macro   0x00002c3b      0x166 drivers/src/d1.o
 .debug_macro   0x00002da1       0x22 drivers/src/d1.o
 .debug_macro   0x00002dc3       0x9e drivers/src/hardware_config.o
 .debug_macro   0x00002e61      0x102 drivers/src/calc_moviment.o
 .debug_macro   0x00002f63       0x1c drivers/src/calc_moviment.o
 .debug_macro   0x00002f7f       0xbd drivers/src/moviment.o
 .debug_macro   0x0000303c      0x302 drivers/src/moviment.o
 .debug_macro   0x0000333e       0x16 drivers/src/moviment.o
 .debug_macro   0x00003354       0x69 drivers/src/punts.o
 .debug_macro   0x000033bd      0x117 drivers/src/q2.o
 .debug_macro   0x000034d4      0x121 drivers/src/q3.o
 .debug_macro   0x000035f5       0x9b drivers/src/USART.o
 .debug_macro   0x00003690      0x12a main.o
OUTPUT(v1.elf elf32-avr)
LOAD linker stubs
